Component: ARM Compiler 5.06 update 7 (build 960) Tool: armlink [4d3601]

==============================================================================

Section Cross References

    startup_stm32f746xx.o(RESET) refers to startup_stm32f746xx.o(STACK) for __initial_sp
    startup_stm32f746xx.o(RESET) refers to startup_stm32f746xx.o(.text) for Reset_Handler
    startup_stm32f746xx.o(RESET) refers to stm32f7xx_it.o(i.SysTick_Handler) for SysTick_Handler
    startup_stm32f746xx.o(RESET) refers to stm32f7xx_it.o(i.EXTI9_5_IRQHandler) for EXTI9_5_IRQHandler
    startup_stm32f746xx.o(.text) refers to system_stm32f7xx.o(i.SystemInit) for SystemInit
    startup_stm32f746xx.o(.text) refers to entry.o(.ARM.Collect$$$$00000000) for __main
    system_stm32f7xx.o(i.SystemCoreClockUpdate) refers to system_stm32f7xx.o(.data) for .data
    system_stm32f7xx.o(i.SystemCoreClockUpdate) refers to system_stm32f7xx.o(.constdata) for .constdata
    stm32f7xx_hal.o(i.HAL_DeInit) refers to stm32f7xx_hal.o(i.HAL_MspDeInit) for HAL_MspDeInit
    stm32f7xx_hal.o(i.HAL_Delay) refers to stm32f7xx_hal.o(i.HAL_GetTick) for HAL_GetTick
    stm32f7xx_hal.o(i.HAL_Delay) refers to stm32f7xx_hal.o(.data) for .data
    stm32f7xx_hal.o(i.HAL_GetTick) refers to stm32f7xx_hal.o(.data) for .data
    stm32f7xx_hal.o(i.HAL_GetTickFreq) refers to stm32f7xx_hal.o(.data) for .data
    stm32f7xx_hal.o(i.HAL_GetTickPrio) refers to stm32f7xx_hal.o(.data) for .data
    stm32f7xx_hal.o(i.HAL_IncTick) refers to stm32f7xx_hal.o(.data) for .data
    stm32f7xx_hal.o(i.HAL_Init) refers to stm32f7xx_hal_cortex.o(i.HAL_NVIC_SetPriorityGrouping) for HAL_NVIC_SetPriorityGrouping
    stm32f7xx_hal.o(i.HAL_Init) refers to stm32f7xx_hal.o(i.HAL_InitTick) for HAL_InitTick
    stm32f7xx_hal.o(i.HAL_Init) refers to stm32f7xx_hal_msp.o(i.HAL_MspInit) for HAL_MspInit
    stm32f7xx_hal.o(i.HAL_InitTick) refers to stm32f7xx_hal_cortex.o(i.HAL_SYSTICK_Config) for HAL_SYSTICK_Config
    stm32f7xx_hal.o(i.HAL_InitTick) refers to stm32f7xx_hal_cortex.o(i.HAL_NVIC_SetPriority) for HAL_NVIC_SetPriority
    stm32f7xx_hal.o(i.HAL_InitTick) refers to stm32f7xx_hal.o(.data) for .data
    stm32f7xx_hal.o(i.HAL_InitTick) refers to system_stm32f7xx.o(.data) for SystemCoreClock
    stm32f7xx_hal.o(i.HAL_SetTickFreq) refers to stm32f7xx_hal.o(i.HAL_InitTick) for HAL_InitTick
    stm32f7xx_hal.o(i.HAL_SetTickFreq) refers to stm32f7xx_hal.o(.data) for .data
    stm32f7xx_hal_cortex.o(i.HAL_SYSTICK_IRQHandler) refers to stm32f7xx_hal_cortex.o(i.HAL_SYSTICK_Callback) for HAL_SYSTICK_Callback
    stm32f7xx_hal_pwr_ex.o(i.HAL_PWREx_ControlVoltageScaling) refers to stm32f7xx_hal.o(i.HAL_GetTick) for HAL_GetTick
    stm32f7xx_hal_pwr_ex.o(i.HAL_PWREx_DisableBkUpReg) refers to stm32f7xx_hal.o(i.HAL_GetTick) for HAL_GetTick
    stm32f7xx_hal_pwr_ex.o(i.HAL_PWREx_DisableOverDrive) refers to stm32f7xx_hal.o(i.HAL_GetTick) for HAL_GetTick
    stm32f7xx_hal_pwr_ex.o(i.HAL_PWREx_EnableBkUpReg) refers to stm32f7xx_hal.o(i.HAL_GetTick) for HAL_GetTick
    stm32f7xx_hal_pwr_ex.o(i.HAL_PWREx_EnableOverDrive) refers to stm32f7xx_hal.o(i.HAL_GetTick) for HAL_GetTick
    stm32f7xx_hal_pwr_ex.o(i.HAL_PWREx_EnterUnderDriveSTOPMode) refers to stm32f7xx_hal.o(i.HAL_GetTick) for HAL_GetTick
    stm32f7xx_hal_dma_ex.o(i.HAL_DMAEx_MultiBufferStart) refers to stm32f7xx_hal_dma_ex.o(i.DMA_MultiBufferSetConfig) for DMA_MultiBufferSetConfig
    stm32f7xx_hal_dma_ex.o(i.HAL_DMAEx_MultiBufferStart_IT) refers to stm32f7xx_hal_dma_ex.o(i.DMA_MultiBufferSetConfig) for DMA_MultiBufferSetConfig
    stm32f7xx_hal_sdram.o(i.HAL_SDRAM_DeInit) refers to fmc.o(i.HAL_SDRAM_MspDeInit) for HAL_SDRAM_MspDeInit
    stm32f7xx_hal_sdram.o(i.HAL_SDRAM_DeInit) refers to stm32f7xx_ll_fmc.o(i.FMC_SDRAM_DeInit) for FMC_SDRAM_DeInit
    stm32f7xx_hal_sdram.o(i.HAL_SDRAM_GetModeStatus) refers to stm32f7xx_ll_fmc.o(i.FMC_SDRAM_GetModeStatus) for FMC_SDRAM_GetModeStatus
    stm32f7xx_hal_sdram.o(i.HAL_SDRAM_IRQHandler) refers to stm32f7xx_hal_sdram.o(i.HAL_SDRAM_RefreshErrorCallback) for HAL_SDRAM_RefreshErrorCallback
    stm32f7xx_hal_sdram.o(i.HAL_SDRAM_Init) refers to fmc.o(i.HAL_SDRAM_MspInit) for HAL_SDRAM_MspInit
    stm32f7xx_hal_sdram.o(i.HAL_SDRAM_Init) refers to stm32f7xx_ll_fmc.o(i.FMC_SDRAM_Init) for FMC_SDRAM_Init
    stm32f7xx_hal_sdram.o(i.HAL_SDRAM_Init) refers to stm32f7xx_ll_fmc.o(i.FMC_SDRAM_Timing_Init) for FMC_SDRAM_Timing_Init
    stm32f7xx_hal_sdram.o(i.HAL_SDRAM_ProgramRefreshRate) refers to stm32f7xx_ll_fmc.o(i.FMC_SDRAM_ProgramRefreshRate) for FMC_SDRAM_ProgramRefreshRate
    stm32f7xx_hal_sdram.o(i.HAL_SDRAM_Read_DMA) refers to stm32f7xx_hal_dma.o(i.HAL_DMA_Start_IT) for HAL_DMA_Start_IT
    stm32f7xx_hal_sdram.o(i.HAL_SDRAM_Read_DMA) refers to stm32f7xx_hal_sdram.o(i.HAL_SDRAM_DMA_XferCpltCallback) for HAL_SDRAM_DMA_XferCpltCallback
    stm32f7xx_hal_sdram.o(i.HAL_SDRAM_Read_DMA) refers to stm32f7xx_hal_sdram.o(i.HAL_SDRAM_DMA_XferErrorCallback) for HAL_SDRAM_DMA_XferErrorCallback
[...]
    Removing stm32746g_lcd.o(.rrx_text), (6 bytes).
    Removing stm32746g_lcd.o(i._ZN3LCD10DisplayOffEv), (56 bytes).
    Removing stm32746g_lcd.o(i._ZN3LCD10DrawBitmapEjjPh), (176 bytes).
    Removing stm32746g_lcd.o(i._ZN3LCD11ClockConfigEP18LTDC_HandleTypeDefPv), (44 bytes).
    Removing stm32746g_lcd.o(i._ZN3LCD11DrawEllipseEiiii), (352 bytes).
    Removing stm32746g_lcd.o(i._ZN3LCD11DrawPolygonEP5Pointt), (108 bytes).
    Removing stm32746g_lcd.o(i._ZN3LCD11FillEllipseEiiii), (292 bytes).
    Removing stm32746g_lcd.o(i._ZN3LCD11FillPolygonEP5Pointt), (432 bytes).
    Removing stm32746g_lcd.o(i._ZN3LCD12FillTriangleEtttttt), (296 bytes).
    Removing stm32746g_lcd.o(i._ZN3LCD12GetTextColorEv), (24 bytes).
    Removing stm32746g_lcd.o(i._ZN3LCD14SetColorKeyingEjj), (32 bytes).
    Removing stm32746g_lcd.o(i._ZN3LCD14SetLayerWindowEttttt), (48 bytes).
    Removing stm32746g_lcd.o(i._ZN3LCD15ClearStringLineEj), (140 bytes).
    Removing stm32746g_lcd.o(i._ZN3LCD15LayerRgb565InitEtj), (144 bytes).
    Removing stm32746g_lcd.o(i._ZN3LCD15SetLayerAddressEjj), (24 bytes).
    Removing stm32746g_lcd.o(i._ZN3LCD15SetTransparencyEjh), (24 bytes).
    Removing stm32746g_lcd.o(i._ZN3LCD16LayerDefaultInitEtj), (144 bytes).
    Removing stm32746g_lcd.o(i._ZN3LCD16ResetColorKeyingEj), (20 bytes).
    Removing stm32746g_lcd.o(i._ZN3LCD19DisplayStringAtLineEtPh), (30 bytes).
    Removing stm32746g_lcd.o(i._ZN3LCD24LL_ConvertLineToARGB8888EPvS0_jj), (100 bytes).
    Removing stm32746g_lcd.o(i._ZN3LCD6DeInitEv), (48 bytes).
    Removing stm32746g_lcd.o(i._ZN3LCD7GetFontEv), (28 bytes).
    Removing stm32746g_lcd.o(i._ZN3LCD7MspInitEP18LTDC_HandleTypeDefPv), (552 bytes).
    Removing stm32746g_lcd.o(i._ZN3LCD8DrawLineEtttt), (316 bytes).
    Removing stm32746g_lcd.o(i._ZN3LCD8DrawRectEtttt), (60 bytes).
    Removing stm32746g_lcd.o(i._ZN3LCD8FillRectEtttt), (184 bytes).
    Removing stm32746g_lcd.o(i._ZN3LCD8SetXSizeEj), (32 bytes).
    Removing stm32746g_lcd.o(i._ZN3LCD8SetYSizeEj), (32 bytes).
    Removing stm32746g_lcd.o(i._ZN3LCD9DisplayOnEv), (52 bytes).
    Removing stm32746g_lcd.o(i._ZN3LCD9MspDeInitEP18LTDC_HandleTypeDefPv), (132 bytes).
    Removing stm32746g_lcd.o(i._ZN3LCD9ReadPixelEtt), (276 bytes).
    Removing stm32746g_lcd.o(.ARM.exidx), (8 bytes).
    Removing stm32746g_lcd.o(.ARM.exidx), (8 bytes).
    Removing stm32746g_lcd.o(.ARM.exidx), (8 bytes).
    Removing stm32746g_lcd.o(.ARM.exidx), (8 bytes).
    Removing stm32746g_lcd.o(.ARM.exidx), (8 bytes).
    Removing stm32746g_lcd.o(.ARM.exidx), (8 bytes).
    Removing stm32746g_lcd.o(.ARM.exidx), (8 bytes).
    Removing stm32746g_lcd.o(.ARM.exidx), (8 bytes).
    Removing stm32746g_lcd.o(.ARM.exidx), (8 bytes).
    Removing stm32746g_lcd.o(.ARM.exidx), (8 bytes).
    Removing stm32746g_lcd.o(.ARM.exidx), (8 bytes).
    Removing stm32746g_lcd.o(.ARM.exidx), (8 bytes).
    Removing stm32746g_lcd.o(.ARM.exidx), (8 bytes).
    Removing stm32746g_lcd.o(.ARM.exidx), (8 bytes).
    Removing stm32746g_lcd.o(.ARM.exidx), (8 bytes).
    Removing stm32746g_lcd.o(.ARM.exidx), (8 bytes).
    Removing stm32746g_lcd.o(.ARM.exidx), (8 bytes).
    Removing stm32746g_lcd.o(.ARM.exidx), (8 bytes).
    Removing stm32746g_lcd.o(.ARM.exidx), (8 bytes).
    Removing stm32746g_lcd.o(.ARM.exidx), (8 bytes).
    Removing stm32746g_lcd.o(.ARM.exidx), (8 bytes).
    Removing stm32746g_lcd.o(.ARM.exidx), (8 bytes).
    Removing stm32746g_lcd.o(.ARM.exidx), (8 bytes).
    Removing stm32746g_lcd.o(.ARM.exidx), (8 bytes).
    Removing stm32746g_lcd.o(.ARM.exidx), (8 bytes).
    Removing stm32746g_lcd.o(.ARM.exidx), (8 bytes).
    Removing stm32746g_lcd.o(.ARM.exidx), (8 bytes).
    Removing stm32746g_lcd.o(.ARM.exidx), (8 bytes).
    Removing stm32746g_lcd.o(.ARM.exidx), (8 bytes).
    Removing stm32746g_lcd.o(.ARM.exidx), (8 bytes).
    Removing stm32746g_lcd.o(.ARM.exidx), (8 bytes).
    Removing stm32746g_lcd.o(.ARM.exidx), (8 bytes).
    Removing stm32746g_lcd.o(.ARM.exidx), (8 bytes).
    Removing stm32746g_lcd.o(.ARM.exidx), (8 bytes).
    Removing stm32746g_lcd.o(.ARM.exidx), (8 bytes).
    Removing stm32746g_lcd.o(.ARM.exidx), (8 bytes).
    Removing stm32746g_lcd.o(.ARM.exidx), (8 bytes).
    Removing stm32746g_lcd.o(.ARM.exidx), (8 bytes).
    Removing stm32746g_lcd.o(.ARM.exidx), (8 bytes).
    Removing stm32746g_lcd.o(.ARM.exidx), (8 bytes).
    Removing stm32746g_lcd.o(.ARM.exidx), (8 bytes).
    Removing stm32746g_lcd.o(.ARM.exidx), (8 bytes).
    Removing stm32746g_lcd.o(.ARM.exidx), (8 bytes).
    Removing stm32746g_lcd.o(.ARM.exidx), (8 bytes).
    Removing stm32746g_lcd.o(.ARM.exidx), (8 bytes).
    Removing stm32746g_lcd.o(.ARM.exidx), (8 bytes).
    Removing stm32746g_lcd.o(.ARM.exidx), (8 bytes).
    Removing stm32746g_lcd.o(.ARM.exidx), (8 bytes).
    Removing stm32746g_lcd.o(.ARM.exidx), (8 bytes).
    Removing stm32746g_sdram.o(.rev16_text), (4 bytes).
    Removing stm32746g_sdram.o(.revsh_text), (4 bytes).
    Removing stm32746g_sdram.o(.rrx_text), (6 bytes).
    Removing stm32746g_sdram.o(i.BSP_SDRAM_DMA_IRQHandler), (16 bytes).
    Removing stm32746g_sdram.o(i.BSP_SDRAM_DeInit), (56 bytes).
    Removing stm32746g_sdram.o(i.BSP_SDRAM_MspDeInit), (36 bytes).
    Removing stm32746g_sdram.o(i.BSP_SDRAM_MspInit), (488 bytes).
    Removing stm32746g_sdram.o(i.BSP_SDRAM_ReadData), (36 bytes).
    Removing stm32746g_sdram.o(i.BSP_SDRAM_ReadData_DMA), (36 bytes).
    Removing stm32746g_sdram.o(i.BSP_SDRAM_Sendcmd), (32 bytes).
    Removing stm32746g_sdram.o(i.BSP_SDRAM_WriteData), (36 bytes).
    Removing stm32746g_sdram.o(i.BSP_SDRAM_WriteData_DMA), (36 bytes).
    Removing stm32746g_sdram.o(.ARM.exidx), (8 bytes).
    Removing stm32746g_sdram.o(.ARM.exidx), (8 bytes).
    Removing stm32746g_sdram.o(.ARM.exidx), (8 bytes).
    Removing stm32746g_sdram.o(.ARM.exidx), (8 bytes).
    Removing stm32746g_sdram.o(.ARM.exidx), (8 bytes).
    Removing stm32746g_sdram.o(.ARM.exidx), (8 bytes).
    Removing stm32746g_sdram.o(.ARM.exidx), (8 bytes).
    Removing stm32746g_sdram.o(.ARM.exidx), (8 bytes).
    Removing stm32746g_sdram.o(.ARM.exidx), (8 bytes).
    Removing stm32746g_sdram.o(.ARM.exidx), (8 bytes).
    Removing stm32746g_sdram.o(.ARM.exidx), (8 bytes).
    Removing ts_i2c.o(.rev16_text), (4 bytes).
    Removing ts_i2c.o(.revsh_text), (4 bytes).
    Removing ts_i2c.o(.rrx_text), (6 bytes).
    Removing ts_i2c.o(i._Z8I2C_SendhPhh), (66 bytes).
    Removing ts_i2c.o(.ARM.exidx), (8 bytes).
    Removing ts_i2c.o(.ARM.exidx), (8 bytes).
    Removing ts_i2c.o(.ARM.exidx), (8 bytes).
    Removing ts_i2c.o(.ARM.exidx), (8 bytes).
    Removing ts_i2c.o(.ARM.exidx), (8 bytes).
    Removing ts_i2c.o(.ARM.exidx), (8 bytes).
    Removing ts_i2c.o(.ARM.exidx), (8 bytes).
    Removing ts_i2c.o(.ARM.exidx), (8 bytes).
    Removing ts_i2c.o(.ARM.exidx), (8 bytes).
    Removing ts_i2c.o(.ARM.exidx), (8 bytes).
    Removing ts_i2c.o(.ARM.exidx), (8 bytes).
    Removing ts_i2c.o(.ARM.exidx), (8 bytes).
    Removing ts_i2c.o(.ARM.exidx), (8 bytes).
    Removing ts_i2c.o(.ARM.exidx), (8 bytes).
    Removing dadd.o(.text), (334 bytes).
    Removing dmul.o(.text), (228 bytes).
    Removing ddiv.o(.text), (222 bytes).
    Removing dfixul.o(.text), (48 bytes).
    Removing cdrcmple.o(.text), (48 bytes).
    Removing depilogue.o(.text), (186 bytes).

636 unused section(s) (total 43485 bytes) removed from the image.

==============================================================================

Image Symbol Table

    Local Symbols

    Symbol Name                              Value     Ov Type        Size  Object(Section)

    ../clib/microlib/division.c              0x00000000   Number         0  uldiv.o ABSOLUTE
    ../clib/microlib/division.c              0x00000000   Number         0  uidiv.o ABSOLUTE
    ../clib/microlib/init/entry.s            0x00000000   Number         0  entry12a.o ABSOLUTE
    ../clib/microlib/init/entry.s            0x00000000   Number         0  entry7b.o ABSOLUTE
    ../clib/microlib/init/entry.s            0x00000000   Number         0  entry11b.o ABSOLUTE
    ../clib/microlib/init/entry.s            0x00000000   Number         0  entry10b.o ABSOLUTE
    ../clib/microlib/init/entry.s            0x00000000   Number         0  entry11a.o ABSOLUTE
    ../clib/microlib/init/entry.s            0x00000000   Number         0  entry7a.o ABSOLUTE
    ../clib/microlib/init/entry.s            0x00000000   Number         0  entry10a.o ABSOLUTE
    ../clib/microlib/init/entry.s            0x00000000   Number         0  entry5.o ABSOLUTE
    ../clib/microlib/init/entry.s            0x00000000   Number         0  entry2.o ABSOLUTE
    ../clib/microlib/init/entry.s            0x00000000   Number         0  entry12b.o ABSOLUTE
    ../clib/microlib/init/entry.s            0x00000000   Number         0  entry.o ABSOLUTE
    ../clib/microlib/init/entry.s            0x00000000   Number         0  entry9b.o ABSOLUTE
    ../clib/microlib/init/entry.s            0x00000000   Number         0  entry9a.o ABSOLUTE
    ../clib/microlib/init/entry.s            0x00000000   Number         0  entry8b.o ABSOLUTE
    ../clib/microlib/init/entry.s            0x00000000   Number         0  entry8a.o ABSOLUTE
    ../clib/microlib/longlong.c              0x00000000   Number         0  llshl.o ABSOLUTE
    ../clib/microlib/longlong.c              0x00000000   Number         0  llushr.o ABSOLUTE
    ../clib/microlib/longlong.c              0x00000000   Number         0  llsshr.o ABSOLUTE
    ../clib/microlib/printf/printf.c         0x00000000   Number         0  printf2.o ABSOLUTE
    ../clib/microlib/printf/printf.c         0x00000000   Number         0  printf5.o ABSOLUTE
    ../clib/microlib/printf/printf.c         0x00000000   Number         0  printf4.o ABSOLUTE
    ../clib/microlib/printf/printf.c         0x00000000   Number         0  printf1.o ABSOLUTE
    ../clib/microlib/printf/printf.c         0x00000000   Number         0  printf0.o ABSOLUTE
    ../clib/microlib/printf/printf.c         0x00000000   Number         0  printfb.o ABSOLUTE
    ../clib/microlib/printf/printf.c         0x00000000   Number         0  printf3.o ABSOLUTE
    ../clib/microlib/printf/printf.c         0x00000000   Number         0  printf6.o ABSOLUTE
    ../clib/microlib/printf/printf.c         0x00000000   Number         0  printfa.o ABSOLUTE
    ../clib/microlib/printf/printf.c         0x00000000   Number         0  printf8.o ABSOLUTE
    ../clib/microlib/printf/printf.c         0x00000000   Number         0  printf7.o ABSOLUTE
    ../clib/microlib/printf/stubs.s          0x00000000   Number         0  stubs.o ABSOLUTE
    ../clib/microlib/stdio/streams.c         0x00000000   Number         0  stdout.o ABSOLUTE
    ../clib/microlib/string/memcpy.c         0x00000000   Number         0  memcpya.o ABSOLUTE
    ../clib/microlib/string/memcpy.c         0x00000000   Number         0  memcpyb.o ABSOLUTE
    ../clib/microlib/stubs.s                 0x00000000   Number         0  iusefp.o ABSOLUTE
    ../fplib/microlib/fpadd.c                0x00000000   Number         0  dadd.o ABSOLUTE
    ../fplib/microlib/fpdiv.c                0x00000000   Number         0  ddiv.o ABSOLUTE
    ../fplib/microlib/fpepilogue.c           0x00000000   Number         0  depilogue.o ABSOLUTE
    ../fplib/microlib/fpfix.c                0x00000000   Number         0  dfixul.o ABSOLUTE
    ../fplib/microlib/fpmul.c                0x00000000   Number         0  dmul.o ABSOLUTE
    ..\\common\\BSP\\GT811.cpp               0x00000000   Number         0  gt811.o ABSOLUTE
    ..\\common\\BSP\\TS_I2C.cpp              0x00000000   Number         0  ts_i2c.o ABSOLUTE
    ..\\common\\BSP\\stm32746g_lcd.cpp       0x00000000   Number         0  stm32746g_lcd.o ABSOLUTE
    ..\\common\\BSP\\stm32746g_sdram.cpp     0x00000000   Number         0  stm32746g_sdram.o ABSOLUTE
    ..\\common\\stm32CubeF7\\Drivers\\CMSIS\\Device\\ST\\STM32F7xx\\Source\\Templates\\system_stm32f7xx.c 0x00000000   Number         0  system_stm32f7xx.o ABSOLUTE
    ..\\common\\stm32CubeF7\\Drivers\\STM32F7xx_HAL_Driver\\Src\\stm32f7xx_hal.c 0x00000000   Number         0  stm32f7xx_hal.o ABSOLUTE
    ..\\common\\stm32CubeF7\\Drivers\\STM32F7xx_HAL_Driver\\Src\\stm32f7xx_hal_cortex.c 0x00000000   Number         0  stm32f7xx_hal_cortex.o ABSOLUTE
    ..\\common\\stm32CubeF7\\Drivers\\STM32F7xx_HAL_Driver\\Src\\stm32f7xx_hal_dma.c 0x00000000   Number         0  stm32f7xx_hal_dma.o ABSOLUTE
    ..\\common\\stm32CubeF7\\Drivers\\STM32F7xx_HAL_Driver\\Src\\stm32f7xx_hal_dma2d.c 0x00000000   Number         0  stm32f7xx_hal_dma2d.o ABSOLUTE
    ..\\common\\stm32CubeF7\\Drivers\\STM32F7xx_HAL_Driver\\Src\\stm32f7xx_hal_dma_ex.c 0x00000000   Number         0  stm32f7xx_hal_dma_ex.o ABSOLUTE
    ..\\common\\stm32CubeF7\\Drivers\\STM32F7xx_HAL_Driver\\Src\\stm32f7xx_hal_flash.c 0x00000000   Number         0  stm32f7xx_hal_flash.o ABSOLUTE
    ..\\common\\stm32CubeF7\\Drivers\\STM32F7xx_HAL_Driver\\Src\\stm32f7xx_hal_flash_ex.c 0x00000000   Number         0  stm32f7xx_hal_flash_ex.o ABSOLUTE
    ..\\common\\stm32CubeF7\\Drivers\\STM32F7xx_HAL_Driver\\Src\\stm32f7xx_hal_gpio.c 0x00000000   Number         0  stm32f7xx_hal_gpio.o ABSOLUTE
    ..\\common\\stm32CubeF7\\Drivers\\STM32F7xx_HAL_Driver\\Src\\stm32f7xx_hal_i2c.c 0x00000000   Number         0  stm32f7xx_hal_i2c.o ABSOLUTE
    ..\\common\\stm32CubeF7\\Drivers\\STM32F7xx_HAL_Driver\\Src\\stm32f7xx_hal_i2c_ex.c 0x00000000   Number         0  stm32f7xx_hal_i2c_ex.o ABSOLUTE
    ..\\common\\stm32CubeF7\\Drivers\\STM32F7xx_HAL_Driver\\Src\\stm32f7xx_hal_ltdc.c 0x00000000   Number         0  stm32f7xx_hal_ltdc.o ABSOLUTE
    ..\\common\\stm32CubeF7\\Drivers\\STM32F7xx_HAL_Driver\\Src\\stm32f7xx_hal_pwr.c 0x00000000   Number         0  stm32f7xx_hal_pwr.o ABSOLUTE
    ..\\common\\stm32CubeF7\\Drivers\\STM32F7xx_HAL_Driver\\Src\\stm32f7xx_hal_pwr_ex.c 0x00000000   Number         0  stm32f7xx_hal_pwr_ex.o ABSOLUTE
    ..\\common\\stm32CubeF7\\Drivers\\STM32F7xx_HAL_Driver\\Src\\stm32f7xx_hal_rcc.c 0x00000000   Number         0  stm32f7xx_hal_rcc.o ABSOLUTE
    ..\\common\\stm32CubeF7\\Drivers\\STM32F7xx_HAL_Driver\\Src\\stm32f7xx_hal_rcc_ex.c 0x00000000   Number         0  stm32f7xx_hal_rcc_ex.o ABSOLUTE
    ..\\common\\stm32CubeF7\\Drivers\\STM32F7xx_HAL_Driver\\Src\\stm32f7xx_hal_sdram.c 0x00000000   Number         0  stm32f7xx_hal_sdram.o ABSOLUTE
    ..\\common\\stm32CubeF7\\Drivers\\STM32F7xx_HAL_Driver\\Src\\stm32f7xx_hal_uart.c 0x00000000   Number         0  stm32f7xx_hal_uart.o ABSOLUTE
    ..\\common\\stm32CubeF7\\Drivers\\STM32F7xx_HAL_Driver\\Src\\stm32f7xx_ll_fmc.c 0x00000000   Number         0  stm32f7xx_ll_fmc.o ABSOLUTE
    ..\common\BSP\GT811.cpp                  0x00000000   Number         0  gt811.o ABSOLUTE
    ..\common\BSP\TS_I2C.cpp                 0x00000000   Number         0  ts_i2c.o ABSOLUTE
    ..\common\BSP\stm32746g_lcd.cpp          0x00000000   Number         0  stm32746g_lcd.o ABSOLUTE
    ..\common\BSP\stm32746g_sdram.cpp        0x00000000   Number         0  stm32746g_sdram.o ABSOLUTE
    ..\common\stm32CubeF7\Drivers\CMSIS\Device\ST\STM32F7xx\Source\Templates\arm\startup_stm32f746xx.s 0x00000000   Number         0  startup_stm32f746xx.o ABSOLUTE
    ..\common\stm32CubeF7\Drivers\CMSIS\Device\ST\STM32F7xx\Source\Templates\system_stm32f7xx.c 0x00000000   Number         0  system_stm32f7xx.o ABSOLUTE
    ..\common\stm32CubeF7\Drivers\STM32F7xx_HAL_Driver\Src\stm32f7xx_hal.c 0x00000000   Number         0  stm32f7xx_hal.o ABSOLUTE
    ..\common\stm32CubeF7\Drivers\STM32F7xx_HAL_Driver\Src\stm32f7xx_hal_cortex.c 0x00000000   Number         0  stm32f7xx_hal_cortex.o ABSOLUTE
    ..\common\stm32CubeF7\Drivers\STM32F7xx_HAL_Driver\Src\stm32f7xx_hal_dma.c 0x00000000   Number         0  stm32f7xx_hal_dma.o ABSOLUTE
    ..\common\stm32CubeF7\Drivers\STM32F7xx_HAL_Driver\Src\stm32f7xx_hal_dma2d.c 0x00000000   Number         0  stm32f7xx_hal_dma2d.o ABSOLUTE
    ..\common\stm32CubeF7\Drivers\STM32F7xx_HAL_Driver\Src\stm32f7xx_hal_dma_ex.c 0x00000000   Number         0  stm32f7xx_hal_dma_ex.o ABSOLUTE
    ..\common\stm32CubeF7\Drivers\STM32F7xx_HAL_Driver\Src\stm32f7xx_hal_flash.c 0x00000000   Number         0  stm32f7xx_hal_flash.o ABSOLUTE
    ..\common\stm32CubeF7\Drivers\STM32F7xx_HAL_Driver\Src\stm32f7xx_hal_flash_ex.c 0x00000000   Number         0  stm32f7xx_hal_flash_ex.o ABSOLUTE
    ..\common\stm32CubeF7\Drivers\STM32F7xx_HAL_Driver\Src\stm32f7xx_hal_gpio.c 0x00000000   Number         0  stm32f7xx_hal_gpio.o ABSOLUTE
    ..\common\stm32CubeF7\Drivers\STM32F7xx_HAL_Driver\Src\stm32f7xx_hal_i2c.c 0x00000000   Number         0  stm32f7xx_hal_i2c.o ABSOLUTE
    ..\common\stm32CubeF7\Drivers\STM32F7xx_HAL_Driver\Src\stm32f7xx_hal_i2c_ex.c 0x00000000   Number         0  stm32f7xx_hal_i2c_ex.o ABSOLUTE
    ..\common\stm32CubeF7\Drivers\STM32F7xx_HAL_Driver\Src\stm32f7xx_hal_ltdc.c 0x00000000   Number         0  stm32f7xx_hal_ltdc.o ABSOLUTE
    ..\common\stm32CubeF7\Drivers\STM32F7xx_HAL_Driver\Src\stm32f7xx_hal_pwr.c 0x00000000   Number         0  stm32f7xx_hal_pwr.o ABSOLUTE
    ..\common\stm32CubeF7\Drivers\STM32F7xx_HAL_Driver\Src\stm32f7xx_hal_pwr_ex.c 0x00000000   Number         0  stm32f7xx_hal_pwr_ex.o ABSOLUTE
    ..\common\stm32CubeF7\Drivers\STM32F7xx_HAL_Driver\Src\stm32f7xx_hal_rcc.c 0x00000000   Number         0  stm32f7xx_hal_rcc.o ABSOLUTE
    ..\common\stm32CubeF7\Drivers\STM32F7xx_HAL_Driver\Src\stm32f7xx_hal_rcc_ex.c 0x00000000   Number         0  stm32f7xx_hal_rcc_ex.o ABSOLUTE
    ..\common\stm32CubeF7\Drivers\STM32F7xx_HAL_Driver\Src\stm32f7xx_hal_sdram.c 0x00000000   Number         0  stm32f7xx_hal_sdram.o ABSOLUTE
    ..\common\stm32CubeF7\Drivers\STM32F7xx_HAL_Driver\Src\stm32f7xx_hal_uart.c 0x00000000   Number         0  stm32f7xx_hal_uart.o ABSOLUTE
    ..\common\stm32CubeF7\Drivers\STM32F7xx_HAL_Driver\Src\stm32f7xx_ll_fmc.c 0x00000000   Number         0  stm32f7xx_ll_fmc.o ABSOLUTE
    Src\\dma.cpp                             0x00000000   Number         0  dma.o ABSOLUTE
    Src\\dma2d.cpp                           0x00000000   Number         0  dma2d.o ABSOLUTE
    Src\\fmc.cpp                             0x00000000   Number         0  fmc.o ABSOLUTE
    Src\\gpio.cpp                            0x00000000   Number         0  gpio.o ABSOLUTE
    Src\\i2c.cpp                             0x00000000   Number         0  i2c.o ABSOLUTE
    Src\\ltdc.cpp                            0x00000000   Number         0  ltdc.o ABSOLUTE
    Src\\main.cpp                            0x00000000   Number         0  main.o ABSOLUTE
    Src\\stm32f7xx_hal_msp.cpp               0x00000000   Number         0  stm32f7xx_hal_msp.o ABSOLUTE
    Src\\stm32f7xx_it.c                      0x00000000   Number         0  stm32f7xx_it.o ABSOLUTE
    Src\\usart.cpp                           0x00000000   Number         0  usart.o ABSOLUTE
    Src\dma.cpp                              0x00000000   Number         0  dma.o ABSOLUTE
    Src\dma2d.cpp                            0x00000000   Number         0  dma2d.o ABSOLUTE
    Src\fmc.cpp                              0x00000000   Number         0  fmc.o ABSOLUTE
    Src\gpio.cpp                             0x00000000   Number         0  gpio.o ABSOLUTE
    Src\i2c.cpp                              0x00000000   Number         0  i2c.o ABSOLUTE
    Src\image.cpp                            0x00000000   Number         0  image.o ABSOLUTE
    Src\ltdc.cpp                             0x00000000   Number         0  ltdc.o ABSOLUTE
    Src\main.cpp                             0x00000000   Number         0  main.o ABSOLUTE
    Src\stm32f7xx_hal_msp.cpp                0x00000000   Number         0  stm32f7xx_hal_msp.o ABSOLUTE
    Src\stm32f7xx_it.c                       0x00000000   Number         0  stm32f7xx_it.o ABSOLUTE
    Src\usart.cpp                            0x00000000   Number         0  usart.o ABSOLUTE
    cdrcmple.s                               0x00000000   Number         0  cdrcmple.o ABSOLUTE
    dc.s                                     0x00000000   Number         0  dc.o ABSOLUTE
    handlers.s                               0x00000000   Number         0  handlers.o ABSOLUTE
    init.s                                   0x00000000   Number         0  init.o ABSOLUTE
    RESET                                    0x08000000   Section      456  startup_stm32f746xx.o(RESET)
    .ARM.Collect$$$$00000000                 0x080001c8   Section        0  entry.o(.ARM.Collect$$$$00000000)
    .ARM.Collect$$$$00000001                 0x080001c8   Section        4  entry2.o(.ARM.Collect$$$$00000001)
    .ARM.Collect$$$$00000004                 0x080001cc   Section        4  entry5.o(.ARM.Collect$$$$00000004)
    .ARM.Collect$$$$00000008                 0x080001d0   Section        0  entry7b.o(.ARM.Collect$$$$00000008)
    .ARM.Collect$$$$0000000A                 0x080001d0   Section        0  entry8b.o(.ARM.Collect$$$$0000000A)
    .ARM.Collect$$$$0000000B                 0x080001d0   Section        8  entry9a.o(.ARM.Collect$$$$0000000B)
    .ARM.Collect$$$$0000000E                 0x080001d8   Section        4  entry12b.o(.ARM.Collect$$$$0000000E)
    .ARM.Collect$$$$0000000F                 0x080001dc   Section        0  entry10a.o(.ARM.Collect$$$$0000000F)
    .ARM.Collect$$$$00000011                 0x080001dc   Section        0  entry11a.o(.ARM.Collect$$$$00000011)
    .ARM.Collect$$$$00002712                 0x080001dc   Section        4  entry2.o(.ARM.Collect$$$$00002712)
    __lit__00000000                          0x080001dc   Data           4  entry2.o(.ARM.Collect$$$$00002712)
    .text                                    0x080001e0   Section       36  startup_stm32f746xx.o(.text)
    $v0                                      0x080001e0   Number         0  startup_stm32f746xx.o(.text)
    .text                                    0x08000204   Section        0  uldiv.o(.text)
    .text                                    0x08000266   Section        0  memcpya.o(.text)
    .text                                    0x0800028a   Section        0  llshl.o(.text)
    .text                                    0x080002a8   Section        0  llushr.o(.text)
    .text                                    0x080002c8   Section       36  init.o(.text)
    i.BSP_SDRAM_Init                         0x080002ec   Section        0  stm32746g_sdram.o(i.BSP_SDRAM_Init)
    i.BSP_SDRAM_Initialization_sequence      0x08000310   Section        0  stm32746g_sdram.o(i.BSP_SDRAM_Initialization_sequence)
    i.DMA2D_SetConfig                        0x080003a4   Section        0  stm32f7xx_hal_dma2d.o(i.DMA2D_SetConfig)
    DMA2D_SetConfig                          0x080003a5   Thumb Code   178  stm32f7xx_hal_dma2d.o(i.DMA2D_SetConfig)
    i.DMA_CalcBaseAndBitshift                0x08000458   Section        0  stm32f7xx_hal_dma.o(i.DMA_CalcBaseAndBitshift)
    DMA_CalcBaseAndBitshift                  0x08000459   Thumb Code    44  stm32f7xx_hal_dma.o(i.DMA_CalcBaseAndBitshift)
    i.DMA_CheckFifoParam                     0x0800048c   Section        0  stm32f7xx_hal_dma.o(i.DMA_CheckFifoParam)
    DMA_CheckFifoParam                       0x0800048d   Thumb Code   126  stm32f7xx_hal_dma.o(i.DMA_CheckFifoParam)
    i.EXTI9_5_IRQHandler                     0x0800050a   Section        0  stm32f7xx_it.o(i.EXTI9_5_IRQHandler)
    i.FMC_SDRAM_Init                         0x08000510   Section        0  stm32f7xx_ll_fmc.o(i.FMC_SDRAM_Init)
    i.FMC_SDRAM_ProgramRefreshRate           0x08000572   Section        0  stm32f7xx_ll_fmc.o(i.FMC_SDRAM_ProgramRefreshRate)
    i.FMC_SDRAM_SendCommand                  0x0800057e   Section        0  stm32f7xx_ll_fmc.o(i.FMC_SDRAM_SendCommand)
    i.FMC_SDRAM_Timing_Init                  0x080005a0   Section        0  stm32f7xx_ll_fmc.o(i.FMC_SDRAM_Timing_Init)
    i.HAL_DMA2D_ConfigLayer                  0x08000628   Section        0  stm32f7xx_hal_dma2d.o(i.HAL_DMA2D_ConfigLayer)
    i.HAL_DMA2D_Init                         0x080006dc   Section        0  stm32f7xx_hal_dma2d.o(i.HAL_DMA2D_Init)
    i.HAL_DMA2D_MspInit                      0x08000738   Section        0  dma2d.o(i.HAL_DMA2D_MspInit)
    i.HAL_DMA2D_PollForTransfer              0x08000760   Section        0  stm32f7xx_hal_dma2d.o(i.HAL_DMA2D_PollForTransfer)
    i.HAL_DMA2D_Start                        0x080008c2   Section        0  stm32f7xx_hal_dma2d.o(i.HAL_DMA2D_Start)
    i.HAL_DMA_Init                           0x080008fc   Section        0  stm32f7xx_hal_dma.o(i.HAL_DMA_Init)
    i.HAL_Delay                              0x080009e8   Section        0  stm32f7xx_hal.o(i.HAL_Delay)
    i.HAL_GPIO_EXTI_Callback                 0x08000a10   Section        0  main.o(i.HAL_GPIO_EXTI_Callback)
    i.HAL_GPIO_EXTI_IRQHandler               0x08000a30   Section        0  stm32f7xx_hal_gpio.o(i.HAL_GPIO_EXTI_IRQHandler)
    i.HAL_GPIO_Init                          0x08000a48   Section        0  stm32f7xx_hal_gpio.o(i.HAL_GPIO_Init)
    i.HAL_GPIO_ReadPin                       0x08000c8c   Section        0  stm32f7xx_hal_gpio.o(i.HAL_GPIO_ReadPin)
    i.HAL_GPIO_WritePin                      0x08000c9a   Section        0  stm32f7xx_hal_gpio.o(i.HAL_GPIO_WritePin)
    i.HAL_GetTick                            0x08000ca8   Section        0  stm32f7xx_hal.o(i.HAL_GetTick)
    i.HAL_IncTick                            0x08000cb4   Section        0  stm32f7xx_hal.o(i.HAL_IncTick)
    i.HAL_Init                               0x08000cc4   Section        0  stm32f7xx_hal.o(i.HAL_Init)
    i.HAL_InitTick                           0x08000cf0   Section        0  stm32f7xx_hal.o(i.HAL_InitTick)
    i.HAL_LTDC_ConfigLayer                   0x08000d34   Section        0  stm32f7xx_hal_ltdc.o(i.HAL_LTDC_ConfigLayer)
    i.HAL_LTDC_Init                          0x08000db0   Section        0  stm32f7xx_hal_ltdc.o(i.HAL_LTDC_Init)
    i.HAL_LTDC_MspInit                       0x08000eb4   Section        0  ltdc.o(i.HAL_LTDC_MspInit)
    i.HAL_MspInit                            0x08000fd0   Section        0  stm32f7xx_hal_msp.o(i.HAL_MspInit)
    i.HAL_NVIC_EnableIRQ                     0x08000fe6   Section        0  stm32f7xx_hal_cortex.o(i.HAL_NVIC_EnableIRQ)
    i.HAL_NVIC_SetPriority                   0x08001004   Section        0  stm32f7xx_hal_cortex.o(i.HAL_NVIC_SetPriority)
    i.HAL_NVIC_SetPriorityGrouping           0x08001070   Section        0  stm32f7xx_hal_cortex.o(i.HAL_NVIC_SetPriorityGrouping)
    i.HAL_PWREx_EnableOverDrive              0x08001094   Section        0  stm32f7xx_hal_pwr_ex.o(i.HAL_PWREx_EnableOverDrive)
    i.HAL_RCCEx_PeriphCLKConfig              0x08001114   Section        0  stm32f7xx_hal_rcc_ex.o(i.HAL_RCCEx_PeriphCLKConfig)
    i.HAL_RCC_ClockConfig                    0x0800169c   Section        0  stm32f7xx_hal_rcc.o(i.HAL_RCC_ClockConfig)
    i.HAL_RCC_GetHCLKFreq                    0x08001824   Section        0  stm32f7xx_hal_rcc.o(i.HAL_RCC_GetHCLKFreq)
    i.HAL_RCC_GetPCLK1Freq                   0x08001830   Section        0  stm32f7xx_hal_rcc.o(i.HAL_RCC_GetPCLK1Freq)
    i.HAL_RCC_GetPCLK2Freq                   0x08001854   Section        0  stm32f7xx_hal_rcc.o(i.HAL_RCC_GetPCLK2Freq)
    i.HAL_RCC_GetSysClockFreq                0x08001878   Section        0  stm32f7xx_hal_rcc.o(i.HAL_RCC_GetSysClockFreq)
    i.HAL_RCC_OscConfig                      0x080018e8   Section        0  stm32f7xx_hal_rcc.o(i.HAL_RCC_OscConfig)
    i.HAL_SDRAM_Init                         0x08001da0   Section        0  stm32f7xx_hal_sdram.o(i.HAL_SDRAM_Init)
    i.HAL_SDRAM_MspInit                      0x08001de4   Section        0  fmc.o(i.HAL_SDRAM_MspInit)
    i.HAL_SDRAM_ProgramRefreshRate           0x08001de8   Section        0  stm32f7xx_hal_sdram.o(i.HAL_SDRAM_ProgramRefreshRate)
    i.HAL_SDRAM_SendCommand                  0x08001e0e   Section        0  stm32f7xx_hal_sdram.o(i.HAL_SDRAM_SendCommand)
    i.HAL_SYSTICK_CLKSourceConfig            0x08001e46   Section        0  stm32f7xx_hal_cortex.o(i.HAL_SYSTICK_CLKSourceConfig)
    i.HAL_SYSTICK_Callback                   0x08001e62   Section        0  stm32f7xx_hal_cortex.o(i.HAL_SYSTICK_Callback)
    i.HAL_SYSTICK_Config                     0x08001e64   Section        0  stm32f7xx_hal_cortex.o(i.HAL_SYSTICK_Config)
    i.HAL_SYSTICK_IRQHandler                 0x08001e8c   Section        0  stm32f7xx_hal_cortex.o(i.HAL_SYSTICK_IRQHandler)
    i.HAL_UART_Init                          0x08001e94   Section        0  stm32f7xx_hal_uart.o(i.HAL_UART_Init)
    i.HAL_UART_MspInit                       0x08001f00   Section        0  usart.o(i.HAL_UART_MspInit)
    i.HAL_UART_Transmit                      0x08001f50   Section        0  stm32f7xx_hal_uart.o(i.HAL_UART_Transmit)
    i.LTDC_SetConfig                         0x08002020   Section        0  stm32f7xx_hal_ltdc.o(i.LTDC_SetConfig)
    LTDC_SetConfig                           0x08002021   Thumb Code   452  stm32f7xx_hal_ltdc.o(i.LTDC_SetConfig)
    i.MX_DMA2D_Init                          0x080021e4   Section        0  dma2d.o(i.MX_DMA2D_Init)
    i.MX_FMC_Init                            0x08002218   Section        0  fmc.o(i.MX_FMC_Init)
    i.MX_GPIO_Init                           0x08002274   Section        0  gpio.o(i.MX_GPIO_Init)
    i.MX_LTDC_Init                           0x0800236c   Section        0  ltdc.o(i.MX_LTDC_Init)
    i.MX_USART1_UART_Init                    0x0800244c   Section        0  usart.o(i.MX_USART1_UART_Init)
    i.SysTick_Handler                        0x08002478   Section        0  stm32f7xx_it.o(i.SysTick_Handler)
    i.SystemInit                             0x08002488   Section        0  system_stm32f7xx.o(i.SystemInit)
    i.UART_AdvFeatureConfig                  0x08002498   Section        0  stm32f7xx_hal_uart.o(i.UART_AdvFeatureConfig)
    i.UART_CheckIdleState                    0x08002570   Section        0  stm32f7xx_hal_uart.o(i.UART_CheckIdleState)
    i.UART_SetConfig                         0x080025b4   Section        0  stm32f7xx_hal_uart.o(i.UART_SetConfig)
    i.UART_WaitOnFlagUntilTimeout            0x0800287c   Section        0  stm32f7xx_hal_uart.o(i.UART_WaitOnFlagUntilTimeout)
    i._Z11I2C_ReadReghtPhh                   0x0800293e   Section        0  ts_i2c.o(i._Z11I2C_ReadReghtPhh)
    i._Z11MX_DMA_Initv                       0x080029ac   Section        0  dma.o(i._Z11MX_DMA_Initv)
    i._Z12I2C_Wait_Ackv                      0x08002a04   Section        0  ts_i2c.o(i._Z12I2C_Wait_Ackv)
    i._Z12I2C_WriteReghtPhh                  0x08002a60   Section        0  ts_i2c.o(i._Z12I2C_WriteReghtPhh)
    i._Z13I2C_Read_Byteh                     0x08002ac0   Section        0  ts_i2c.o(i._Z13I2C_Read_Byteh)
    i._Z13I2C_Send_Byteh                     0x08002b2c   Section        0  ts_i2c.o(i._Z13I2C_Send_Byteh)
    i._Z15HAL_FMC_MspInitv                   0x08002bc0   Section        0  fmc.o(i._Z15HAL_FMC_MspInitv)
    HAL_FMC_MspInit()                        0x08002bc1   Thumb Code   154  fmc.o(i._Z15HAL_FMC_MspInitv)
    i._Z18SystemClock_Configv                0x08002c78   Section        0  main.o(i._Z18SystemClock_Configv)
    i._Z6SDA_INv                             0x08002d34   Section        0  ts_i2c.o(i._Z6SDA_INv)
    SDA_IN()                                 0x08002d35   Thumb Code    34  ts_i2c.o(i._Z6SDA_INv)
    i._Z7I2C_Ackv                            0x08002d5c   Section        0  ts_i2c.o(i._Z7I2C_Ackv)
    i._Z7SDA_OUTv                            0x08002da8   Section        0  ts_i2c.o(i._Z7SDA_OUTv)
    SDA_OUT()                                0x08002da9   Thumb Code    32  ts_i2c.o(i._Z7SDA_OUTv)
    i._Z8I2C_Initv                           0x08002dcc   Section        0  ts_i2c.o(i._Z8I2C_Initv)
    i._Z8I2C_NAckv                           0x08002e48   Section        0  ts_i2c.o(i._Z8I2C_NAckv)
    i._Z8I2C_Stopv                           0x08002e88   Section        0  ts_i2c.o(i._Z8I2C_Stopv)
    i._Z8delay_usj                           0x08002ec8   Section        0  ts_i2c.o(i._Z8delay_usj)
    delay_us(unsigned)                       0x08002ec9   Thumb Code    18  ts_i2c.o(i._Z8delay_usj)
    i._Z9I2C_Startv                          0x08002edc   Section        0  ts_i2c.o(i._Z9I2C_Startv)
    i._ZN3LCD10DrawCircleEttt                0x08002f2c   Section        0  stm32746g_lcd.o(i._ZN3LCD10DrawCircleEttt)
    i._ZN3LCD10FillCircleEttt                0x08003054   Section        0  stm32746g_lcd.o(i._ZN3LCD10FillCircleEttt)
    i._ZN3LCD11DisplayCharEtth               0x0800310c   Section        0  stm32746g_lcd.o(i._ZN3LCD11DisplayCharEtth)
    i._ZN3LCD11SelectLayerEj                 0x08003174   Section        0  stm32746g_lcd.o(i._ZN3LCD11SelectLayerEj)
    i._ZN3LCD12GetBackColorEv                0x08003180   Section        0  stm32746g_lcd.o(i._ZN3LCD12GetBackColorEv)
    i._ZN3LCD12SetBackColorEj                0x0800319c   Section        0  stm32746g_lcd.o(i._ZN3LCD12SetBackColorEj)
    i._ZN3LCD12SetTextColorEj                0x080031b8   Section        0  stm32746g_lcd.o(i._ZN3LCD12SetTextColorEj)
    i._ZN3LCD13LL_FillBufferEjPvjjjj         0x080031d0   Section        0  stm32746g_lcd.o(i._ZN3LCD13LL_FillBufferEjPvjjjj)
    LCD::LL_FillBuffer(unsigned, void*, unsigned, unsigned, unsigned, unsigned) 0x080031d1   Thumb Code   146  stm32746g_lcd.o(i._ZN3LCD13LL_FillBufferEjPvjjjj)
    i._ZN3LCD15DisplayStringAtEttPh20Text_AlignModeTypdef 0x08003274   Section        0  stm32746g_lcd.o(i._ZN3LCD15DisplayStringAtEttPh20Text_AlignModeTypdef)
    i._ZN3LCD15SetLayerVisibleEj15FunctionalState 0x0800339c   Section        0  stm32746g_lcd.o(i._ZN3LCD15SetLayerVisibleEj15FunctionalState)
    i._ZN3LCD4InitEv                         0x080033ec   Section        0  stm32746g_lcd.o(i._ZN3LCD4InitEv)
    i._ZN3LCD5ClearEj                        0x08003400   Section        0  stm32746g_lcd.o(i._ZN3LCD5ClearEj)
    i._ZN3LCD7SetFontEP6_tFont               0x08003440   Section        0  stm32746g_lcd.o(i._ZN3LCD7SetFontEP6_tFont)
    i._ZN3LCD8DrawCharEttPKh                 0x0800345c   Section        0  stm32746g_lcd.o(i._ZN3LCD8DrawCharEttPKh)
    LCD::DrawChar(unsigned short, unsigned short, const unsigned char*) 0x0800345d   Thumb Code   252  stm32746g_lcd.o(i._ZN3LCD8DrawCharEttPKh)
    i._ZN3LCD8GetXSizeEv                     0x08003560   Section        0  stm32746g_lcd.o(i._ZN3LCD8GetXSizeEv)
    i._ZN3LCD8GetYSizeEv                     0x08003580   Section        0  stm32746g_lcd.o(i._ZN3LCD8GetYSizeEv)
    i._ZN3LCD9DrawHLineEttt                  0x080035a0   Section        0  stm32746g_lcd.o(i._ZN3LCD9DrawHLineEttt)
    i._ZN3LCD9DrawPixelEttj                  0x0800363c   Section        0  stm32746g_lcd.o(i._ZN3LCD9DrawPixelEttj)
    i._ZN3LCD9DrawVLineEttt                  0x080036a8   Section        0  stm32746g_lcd.o(i._ZN3LCD9DrawVLineEttt)
    i._ZN5GT8114InitEv                       0x0800374c   Section        0  gt811.o(i._ZN5GT8114InitEv)
    i._ZN5GT8116ReadIDEv                     0x080037c4   Section        0  gt811.o(i._ZN5GT8116ReadIDEv)
    i._ZN5GT8118GetStateEP15TS_StateTypeDef  0x08003804   Section        0  gt811.o(i._ZN5GT8118GetStateEP15TS_StateTypeDef)
    i.__0printf$5                            0x080038f4   Section        0  printf5.o(i.__0printf$5)
    i.__scatterload_copy                     0x08003914   Section       14  handlers.o(i.__scatterload_copy)
    i.__scatterload_null                     0x08003922   Section        2  handlers.o(i.__scatterload_null)
    i.__scatterload_zeroinit                 0x08003924   Section       14  handlers.o(i.__scatterload_zeroinit)
    i._printf_core                           0x08003934   Section        0  printf5.o(i._printf_core)
    _printf_core                             0x08003935   Thumb Code   660  printf5.o(i._printf_core)
    i.fputc                                  0x08003bf4   Section        0  usart.o(i.fputc)
    i.main                                   0x08003c10   Section        0  main.o(i.main)
    .constdata                               0x08003df4   Section       16  system_stm32f7xx.o(.constdata)
    .constdata                               0x08003e04   Section        8  system_stm32f7xx.o(.constdata)
    .constdata                               0x08003e0c   Section        8  stm32f7xx_hal_dma.o(.constdata)
    flagBitshiftOffset                       0x08003e0c   Data           8  stm32f7xx_hal_dma.o(.constdata)
    .constdata                               0x08003e14   Section      106  gt811.o(.constdata)
    .constdata                               0x08003e7e   Section    15580  stm32746g_lcd.o(.constdata)
    Font24_Table                             0x08003e7e   Data        6840  stm32746g_lcd.o(.constdata)
    Font20_Table                             0x08005936   Data        3800  stm32746g_lcd.o(.constdata)
    Font16_Table                             0x0800680e   Data        3040  stm32746g_lcd.o(.constdata)
    Font12_Table                             0x080073ee   Data        1140  stm32746g_lcd.o(.constdata)
    Font8_Table                              0x08007862   Data         760  stm32746g_lcd.o(.constdata)
    .data                                    0x20000000   Section        4  system_stm32f7xx.o(.data)
    .data                                    0x20000004   Section       12  stm32f7xx_hal.o(.data)
    .data                                    0x20000010   Section       24  main.o(.data)
    .data                                    0x20000028   Section        8  fmc.o(.data)
    FMC_Initialized                          0x20000028   Data           4  fmc.o(.data)
    FMC_DeInitialized                        0x2000002c   Data           4  fmc.o(.data)
    .data                                    0x20000030   Section       44  stm32746g_lcd.o(.data)
    ActiveLayer                              0x20000058   Data           4  stm32746g_lcd.o(.data)
    .data                                    0x2000005c   Section        2  stm32746g_sdram.o(.data)
    sdramstatus                              0x2000005c   Data           1  stm32746g_sdram.o(.data)
    sdramstatus                              0x2000005d   Data           1  stm32746g_sdram.o(.data)
    .data                                    0x20000060   Section        4  stdout.o(.data)
    .bss                                     0x20000064   Section       64  main.o(.bss)
    .bss                                     0x200000a4   Section       96  dma.o(.bss)
    .bss                                     0x20000104   Section       64  dma2d.o(.bss)
    .bss                                     0x20000144   Section       52  fmc.o(.bss)
    .bss                                     0x20000178   Section      168  ltdc.o(.bss)
    .bss                                     0x20000220   Section      132  usart.o(.bss)
    .bss                                     0x200002a4   Section      156  stm32746g_lcd.o(.bss)
    DrawProp                                 0x200002a4   Data          24  stm32746g_lcd.o(.bss)
    periph_clk_init_struct                   0x200002bc   Data         132  stm32746g_lcd.o(.bss)
    .bss                                     0x20000340   Section      260  stm32746g_sdram.o(.bss)
    sdramHandle                              0x20000340   Data          52  stm32746g_sdram.o(.bss)
    Command                                  0x20000374   Data          16  stm32746g_sdram.o(.bss)
    dma_handle                               0x20000384   Data          96  stm32746g_sdram.o(.bss)
    dma_handle                               0x200003e4   Data          96  stm32746g_sdram.o(.bss)
    STACK                                    0x20000448   Section     1024  startup_stm32f746xx.o(STACK)

    Global Symbols

    Symbol Name                              Value     Ov Type        Size  Object(Section)

    BuildAttributes$$THM_ISAv4$E$P$D$K$B$S$7EM$VFPi5$EXTD16$VFPS$VFMA$PE$PLD8$A:L22UL41UL21$X:L11$S22US41US21$IEEE1$IW$USESV6$~STKCKD$USESV7$~SHL$OTIME$ROPI$EBA8$MICROLIB$REQ8$PRES8$EABIv2 0x00000000   Number         0  anon$$obj.o ABSOLUTE
    __ARM_use_no_argv                        0x00000000   Number         0  main.o ABSOLUTE
    _printf_a                                0x00000000   Number         0  stubs.o ABSOLUTE
    _printf_c                                0x00000000   Number         0  stubs.o ABSOLUTE
    _printf_charcount                        0x00000000   Number         0  stubs.o ABSOLUTE
    _printf_d                                0x00000000   Number         0  stubs.o ABSOLUTE
    _printf_e                                0x00000000   Number         0  stubs.o ABSOLUTE
    _printf_f                                0x00000000   Number         0  stubs.o ABSOLUTE
    _printf_flags                            0x00000000   Number         0  stubs.o ABSOLUTE
    _printf_fp_dec                           0x00000000   Number         0  stubs.o ABSOLUTE
    _printf_fp_hex                           0x00000000   Number         0  stubs.o ABSOLUTE
    _printf_g                                0x00000000   Number         0  stubs.o ABSOLUTE
    _printf_i                                0x00000000   Number         0  stubs.o ABSOLUTE
    _printf_int_dec                          0x00000000   Number         0  stubs.o ABSOLUTE
    _printf_l                                0x00000000   Number         0  stubs.o ABSOLUTE
    _printf_lc                               0x00000000   Number         0  stubs.o ABSOLUTE
    _printf_ll                               0x00000000   Number         0  stubs.o ABSOLUTE
    _printf_lld                              0x00000000   Number         0  stubs.o ABSOLUTE
    _printf_lli                              0x00000000   Number         0  stubs.o ABSOLUTE
    _printf_llo                              0x00000000   Number         0  stubs.o ABSOLUTE
    _printf_llu                              0x00000000   Number         0  stubs.o ABSOLUTE
    _printf_llx                              0x00000000   Number         0  stubs.o ABSOLUTE
    _printf_longlong_dec                     0x00000000   Number         0  stubs.o ABSOLUTE
    _printf_longlong_hex                     0x00000000   Number         0  stubs.o ABSOLUTE
    _printf_longlong_oct                     0x00000000   Number         0  stubs.o ABSOLUTE
    _printf_ls                               0x00000000   Number         0  stubs.o ABSOLUTE
    _printf_mbtowc                           0x00000000   Number         0  stubs.o ABSOLUTE
    _printf_n                                0x00000000   Number         0  stubs.o ABSOLUTE
    _printf_o                                0x00000000   Number         0  stubs.o ABSOLUTE
    _printf_p                                0x00000000   Number         0  stubs.o ABSOLUTE
    _printf_percent                          0x00000000   Number         0  stubs.o ABSOLUTE
    _printf_pre_padding                      0x00000000   Number         0  stubs.o ABSOLUTE
    _printf_return_value                     0x00000000   Number         0  stubs.o ABSOLUTE
    _printf_s                                0x00000000   Number         0  stubs.o ABSOLUTE
    _printf_sizespec                         0x00000000   Number         0  stubs.o ABSOLUTE
    _printf_str                              0x00000000   Number         0  stubs.o ABSOLUTE
    _printf_truncate_signed                  0x00000000   Number         0  stubs.o ABSOLUTE
    _printf_truncate_unsigned                0x00000000   Number         0  stubs.o ABSOLUTE
    _printf_u                                0x00000000   Number         0  stubs.o ABSOLUTE
    _printf_wc                               0x00000000   Number         0  stubs.o ABSOLUTE
    _printf_wctomb                           0x00000000   Number         0  stubs.o ABSOLUTE
    _printf_widthprec                        0x00000000   Number         0  stubs.o ABSOLUTE
    _printf_x                                0x00000000   Number         0  stubs.o ABSOLUTE
    __arm_fini_                               - Undefined Weak Reference
    __cpp_initialize__aeabi_                  - Undefined Weak Reference
    __cxa_finalize                            - Undefined Weak Reference
    __decompress                              - Undefined Weak Reference
    _clock_init                               - Undefined Weak Reference
    _microlib_exit                            - Undefined Weak Reference
    __Vectors_Size                           0x000001c8   Number         0  startup_stm32f746xx.o ABSOLUTE
    __Vectors                                0x08000000   Data           4  startup_stm32f746xx.o(RESET)
    __Vectors_End                            0x080001c8   Data           0  startup_stm32f746xx.o(RESET)
    __main                                   0x080001c9   Thumb Code     0  entry.o(.ARM.Collect$$$$00000000)
    _main_stk                                0x080001c9   Thumb Code     0  entry2.o(.ARM.Collect$$$$00000001)
    _main_scatterload                        0x080001cd   Thumb Code     0  entry5.o(.ARM.Collect$$$$00000004)
    __main_after_scatterload                 0x080001d1   Thumb Code     0  entry5.o(.ARM.Collect$$$$00000004)
    _main_clock                              0x080001d1   Thumb Code     0  entry7b.o(.ARM.Collect$$$$00000008)
    _main_cpp_init                           0x080001d1   Thumb Code     0  entry8b.o(.ARM.Collect$$$$0000000A)
    _main_init                               0x080001d1   Thumb Code     0  entry9a.o(.ARM.Collect$$$$0000000B)
    __rt_lib_shutdown_fini                   0x080001d9   Thumb Code     0  entry12b.o(.ARM.Collect$$$$0000000E)
    __rt_final_cpp                           0x080001dd   Thumb Code     0  entry10a.o(.ARM.Collect$$$$0000000F)
    __rt_final_exit                          0x080001dd   Thumb Code     0  entry11a.o(.ARM.Collect$$$$00000011)
    Reset_Handler                            0x080001e1   Thumb Code     8  startup_stm32f746xx.o(.text)
    NMI_Handler                              0x080001e9   Thumb Code     2  startup_stm32f746xx.o(.text)
    HardFault_Handler                        0x080001eb   Thumb Code     2  startup_stm32f746xx.o(.text)
    MemManage_Handler                        0x080001ed   Thumb Code     2  startup_stm32f746xx.o(.text)
    BusFault_Handler                         0x080001ef   Thumb Code     2  startup_stm32f746xx.o(.text)
    UsageFault_Handler                       0x080001f1   Thumb Code     2  startup_stm32f746xx.o(.text)
    SVC_Handler                              0x080001f3   Thumb Code     2  startup_stm32f746xx.o(.text)
    DebugMon_Handler                         0x080001f5   Thumb Code     2  startup_stm32f746xx.o(.text)
    PendSV_Handler                           0x080001f7   Thumb Code     2  startup_stm32f746xx.o(.text)
    ADC_IRQHandler                           0x080001fb   Thumb Code     0  startup_stm32f746xx.o(.text)
    CAN1_RX0_IRQHandler                      0x080001fb   Thumb Code     0  startup_stm32f746xx.o(.text)
    CAN1_RX1_IRQHandler                      0x080001fb   Thumb Code     0  startup_stm32f746xx.o(.text)
    CAN1_SCE_IRQHandler                      0x080001fb   Thumb Code     0  startup_stm32f746xx.o(.text)
    CAN1_TX_IRQHandler                       0x080001fb   Thumb Code     0  startup_stm32f746xx.o(.text)
    CAN2_RX0_IRQHandler                      0x080001fb   Thumb Code     0  startup_stm32f746xx.o(.text)
    CAN2_RX1_IRQHandler                      0x080001fb   Thumb Code     0  startup_stm32f746xx.o(.text)
    CAN2_SCE_IRQHandler                      0x080001fb   Thumb Code     0  startup_stm32f746xx.o(.text)
    CAN2_TX_IRQHandler                       0x080001fb   Thumb Code     0  startup_stm32f746xx.o(.text)
    CEC_IRQHandler                           0x080001fb   Thumb Code     0  startup_stm32f746xx.o(.text)
    DCMI_IRQHandler                          0x080001fb   Thumb Code     0  startup_stm32f746xx.o(.text)
    DMA1_Stream0_IRQHandler                  0x080001fb   Thumb Code     0  startup_stm32f746xx.o(.text)
    DMA1_Stream1_IRQHandler                  0x080001fb   Thumb Code     0  startup_stm32f746xx.o(.text)
    DMA1_Stream2_IRQHandler                  0x080001fb   Thumb Code     0  startup_stm32f746xx.o(.text)
    DMA1_Stream3_IRQHandler                  0x080001fb   Thumb Code     0  startup_stm32f746xx.o(.text)
    DMA1_Stream4_IRQHandler                  0x080001fb   Thumb Code     0  startup_stm32f746xx.o(.text)
    DMA1_Stream5_IRQHandler                  0x080001fb   Thumb Code     0  startup_stm32f746xx.o(.text)
    DMA1_Stream6_IRQHandler                  0x080001fb   Thumb Code     0  startup_stm32f746xx.o(.text)
    DMA1_Stream7_IRQHandler                  0x080001fb   Thumb Code     0  startup_stm32f746xx.o(.text)
    DMA2D_IRQHandler                         0x080001fb   Thumb Code     0  startup_stm32f746xx.o(.text)
    DMA2_Stream0_IRQHandler                  0x080001fb   Thumb Code     0  startup_stm32f746xx.o(.text)
    DMA2_Stream1_IRQHandler                  0x080001fb   Thumb Code     0  startup_stm32f746xx.o(.text)
    DMA2_Stream2_IRQHandler                  0x080001fb   Thumb Code     0  startup_stm32f746xx.o(.text)
    DMA2_Stream3_IRQHandler                  0x080001fb   Thumb Code     0  startup_stm32f746xx.o(.text)
    DMA2_Stream4_IRQHandler                  0x080001fb   Thumb Code     0  startup_stm32f746xx.o(.text)
    DMA2_Stream5_IRQHandler                  0x080001fb   Thumb Code     0  startup_stm32f746xx.o(.text)
    DMA2_Stream6_IRQHandler                  0x080001fb   Thumb Code     0  startup_stm32f746xx.o(.text)
    DMA2_Stream7_IRQHandler                  0x080001fb   Thumb Code     0  startup_stm32f746xx.o(.text)
    ETH_IRQHandler                           0x080001fb   Thumb Code     0  startup_stm32f746xx.o(.text)
    ETH_WKUP_IRQHandler                      0x080001fb   Thumb Code     0  startup_stm32f746xx.o(.text)
    EXTI0_IRQHandler                         0x080001fb   Thumb Code     0  startup_stm32f746xx.o(.text)
    EXTI15_10_IRQHandler                     0x080001fb   Thumb Code     0  startup_stm32f746xx.o(.text)
    EXTI1_IRQHandler                         0x080001fb   Thumb Code     0  startup_stm32f746xx.o(.text)
    EXTI2_IRQHandler                         0x080001fb   Thumb Code     0  startup_stm32f746xx.o(.text)
    EXTI3_IRQHandler                         0x080001fb   Thumb Code     0  startup_stm32f746xx.o(.text)
    EXTI4_IRQHandler                         0x080001fb   Thumb Code     0  startup_stm32f746xx.o(.text)
    FLASH_IRQHandler                         0x080001fb   Thumb Code     0  startup_stm32f746xx.o(.text)
    FMC_IRQHandler                           0x080001fb   Thumb Code     0  startup_stm32f746xx.o(.text)
    FPU_IRQHandler                           0x080001fb   Thumb Code     0  startup_stm32f746xx.o(.text)
    I2C1_ER_IRQHandler                       0x080001fb   Thumb Code     0  startup_stm32f746xx.o(.text)
    I2C1_EV_IRQHandler                       0x080001fb   Thumb Code     0  startup_stm32f746xx.o(.text)
    I2C2_ER_IRQHandler                       0x080001fb   Thumb Code     0  startup_stm32f746xx.o(.text)
    I2C2_EV_IRQHandler                       0x080001fb   Thumb Code     0  startup_stm32f746xx.o(.text)
    I2C3_ER_IRQHandler                       0x080001fb   Thumb Code     0  startup_stm32f746xx.o(.text)
    I2C3_EV_IRQHandler                       0x080001fb   Thumb Code     0  startup_stm32f746xx.o(.text)
    I2C4_ER_IRQHandler                       0x080001fb   Thumb Code     0  startup_stm32f746xx.o(.text)
    I2C4_EV_IRQHandler                       0x080001fb   Thumb Code     0  startup_stm32f746xx.o(.text)
    LPTIM1_IRQHandler                        0x080001fb   Thumb Code     0  startup_stm32f746xx.o(.text)
    LTDC_ER_IRQHandler                       0x080001fb   Thumb Code     0  startup_stm32f746xx.o(.text)
    LTDC_IRQHandler                          0x080001fb   Thumb Code     0  startup_stm32f746xx.o(.text)
    OTG_FS_IRQHandler                        0x080001fb   Thumb Code     0  startup_stm32f746xx.o(.text)
    OTG_FS_WKUP_IRQHandler                   0x080001fb   Thumb Code     0  startup_stm32f746xx.o(.text)
    OTG_HS_EP1_IN_IRQHandler                 0x080001fb   Thumb Code     0  startup_stm32f746xx.o(.text)
    OTG_HS_EP1_OUT_IRQHandler                0x080001fb   Thumb Code     0  startup_stm32f746xx.o(.text)
    OTG_HS_IRQHandler                        0x080001fb   Thumb Code     0  startup_stm32f746xx.o(.text)
    OTG_HS_WKUP_IRQHandler                   0x080001fb   Thumb Code     0  startup_stm32f746xx.o(.text)
    PVD_IRQHandler                           0x080001fb   Thumb Code     0  startup_stm32f746xx.o(.text)
    QUADSPI_IRQHandler                       0x080001fb   Thumb Code     0  startup_stm32f746xx.o(.text)
    RCC_IRQHandler                           0x080001fb   Thumb Code     0  startup_stm32f746xx.o(.text)
    RNG_IRQHandler                           0x080001fb   Thumb Code     0  startup_stm32f746xx.o(.text)
    RTC_Alarm_IRQHandler                     0x080001fb   Thumb Code     0  startup_stm32f746xx.o(.text)
    RTC_WKUP_IRQHandler                      0x080001fb   Thumb Code     0  startup_stm32f746xx.o(.text)
    SAI1_IRQHandler                          0x080001fb   Thumb Code     0  startup_stm32f746xx.o(.text)
    SAI2_IRQHandler                          0x080001fb   Thumb Code     0  startup_stm32f746xx.o(.text)
    SDMMC1_IRQHandler                        0x080001fb   Thumb Code     0  startup_stm32f746xx.o(.text)
    SPDIF_RX_IRQHandler                      0x080001fb   Thumb Code     0  startup_stm32f746xx.o(.text)
    SPI1_IRQHandler                          0x080001fb   Thumb Code     0  startup_stm32f746xx.o(.text)
    SPI2_IRQHandler                          0x080001fb   Thumb Code     0  startup_stm32f746xx.o(.text)
    SPI3_IRQHandler                          0x080001fb   Thumb Code     0  startup_stm32f746xx.o(.text)
    SPI4_IRQHandler                          0x080001fb   Thumb Code     0  startup_stm32f746xx.o(.text)
    SPI5_IRQHandler                          0x080001fb   Thumb Code     0  startup_stm32f746xx.o(.text)
    SPI6_IRQHandler                          0x080001fb   Thumb Code     0  startup_stm32f746xx.o(.text)
    TAMP_STAMP_IRQHandler                    0x080001fb   Thumb Code     0  startup_stm32f746xx.o(.text)
    TIM1_BRK_TIM9_IRQHandler                 0x080001fb   Thumb Code     0  startup_stm32f746xx.o(.text)
    TIM1_CC_IRQHandler                       0x080001fb   Thumb Code     0  startup_stm32f746xx.o(.text)
    TIM1_TRG_COM_TIM11_IRQHandler            0x080001fb   Thumb Code     0  startup_stm32f746xx.o(.text)
    TIM1_UP_TIM10_IRQHandler                 0x080001fb   Thumb Code     0  startup_stm32f746xx.o(.text)
    TIM2_IRQHandler                          0x080001fb   Thumb Code     0  startup_stm32f746xx.o(.text)
    TIM3_IRQHandler                          0x080001fb   Thumb Code     0  startup_stm32f746xx.o(.text)
    TIM4_IRQHandler                          0x080001fb   Thumb Code     0  startup_stm32f746xx.o(.text)
    TIM5_IRQHandler                          0x080001fb   Thumb Code     0  startup_stm32f746xx.o(.text)
    TIM6_DAC_IRQHandler                      0x080001fb   Thumb Code     0  startup_stm32f746xx.o(.text)
    TIM7_IRQHandler                          0x080001fb   Thumb Code     0  startup_stm32f746xx.o(.text)
    TIM8_BRK_TIM12_IRQHandler                0x080001fb   Thumb Code     0  startup_stm32f746xx.o(.text)
    TIM8_CC_IRQHandler                       0x080001fb   Thumb Code     0  startup_stm32f746xx.o(.text)
    TIM8_TRG_COM_TIM14_IRQHandler            0x080001fb   Thumb Code     0  startup_stm32f746xx.o(.text)
    TIM8_UP_TIM13_IRQHandler                 0x080001fb   Thumb Code     0  startup_stm32f746xx.o(.text)
    UART4_IRQHandler                         0x080001fb   Thumb Code     0  startup_stm32f746xx.o(.text)
    UART5_IRQHandler                         0x080001fb   Thumb Code     0  startup_stm32f746xx.o(.text)
    UART7_IRQHandler                         0x080001fb   Thumb Code     0  startup_stm32f746xx.o(.text)
    UART8_IRQHandler                         0x080001fb   Thumb Code     0  startup_stm32f746xx.o(.text)
    USART1_IRQHandler                        0x080001fb   Thumb Code     0  startup_stm32f746xx.o(.text)
    USART2_IRQHandler                        0x080001fb   Thumb Code     0  startup_stm32f746xx.o(.text)
    USART3_IRQHandler                        0x080001fb   Thumb Code     0  startup_stm32f746xx.o(.text)
    USART6_IRQHandler                        0x080001fb   Thumb Code     0  startup_stm32f746xx.o(.text)
    WWDG_IRQHandler                          0x080001fb   Thumb Code     0  startup_stm32f746xx.o(.text)
    __aeabi_uldivmod                         0x08000205   Thumb Code    98  uldiv.o(.text)
    __aeabi_memcpy                           0x08000267   Thumb Code    36  memcpya.o(.text)
    __aeabi_memcpy4                          0x08000267   Thumb Code     0  memcpya.o(.text)
    __aeabi_memcpy8                          0x08000267   Thumb Code     0  memcpya.o(.text)
    __aeabi_llsl                             0x0800028b   Thumb Code    30  llshl.o(.text)
    _ll_shift_l                              0x0800028b   Thumb Code     0  llshl.o(.text)
    __aeabi_llsr                             0x080002a9   Thumb Code    32  llushr.o(.text)
    _ll_ushift_r                             0x080002a9   Thumb Code     0  llushr.o(.text)
    __scatterload                            0x080002c9   Thumb Code    28  init.o(.text)
    __scatterload_rt2                        0x080002c9   Thumb Code     0  init.o(.text)
    BSP_SDRAM_Init                           0x080002ed   Thumb Code    22  stm32746g_sdram.o(i.BSP_SDRAM_Init)
    BSP_SDRAM_Initialization_sequence        0x08000311   Thumb Code   140  stm32746g_sdram.o(i.BSP_SDRAM_Initialization_sequence)
    EXTI9_5_IRQHandler                       0x0800050b   Thumb Code     6  stm32f7xx_it.o(i.EXTI9_5_IRQHandler)
    FMC_SDRAM_Init                           0x08000511   Thumb Code    98  stm32f7xx_ll_fmc.o(i.FMC_SDRAM_Init)
    FMC_SDRAM_ProgramRefreshRate             0x08000573   Thumb Code    12  stm32f7xx_ll_fmc.o(i.FMC_SDRAM_ProgramRefreshRate)
    FMC_SDRAM_SendCommand                    0x0800057f   Thumb Code    34  stm32f7xx_ll_fmc.o(i.FMC_SDRAM_SendCommand)
    FMC_SDRAM_Timing_Init                    0x080005a1   Thumb Code   134  stm32f7xx_ll_fmc.o(i.FMC_SDRAM_Timing_Init)
    HAL_DMA2D_ConfigLayer                    0x08000629   Thumb Code   176  stm32f7xx_hal_dma2d.o(i.HAL_DMA2D_ConfigLayer)
    HAL_DMA2D_Init                           0x080006dd   Thumb Code    92  stm32f7xx_hal_dma2d.o(i.HAL_DMA2D_Init)
    HAL_DMA2D_MspInit                        0x08000739   Thumb Code    36  dma2d.o(i.HAL_DMA2D_MspInit)
    HAL_DMA2D_PollForTransfer                0x08000761   Thumb Code   354  stm32f7xx_hal_dma2d.o(i.HAL_DMA2D_PollForTransfer)
    HAL_DMA2D_Start                          0x080008c3   Thumb Code    58  stm32f7xx_hal_dma2d.o(i.HAL_DMA2D_Start)
    HAL_DMA_Init                             0x080008fd   Thumb Code   230  stm32f7xx_hal_dma.o(i.HAL_DMA_Init)
    HAL_Delay                                0x080009e9   Thumb Code    34  stm32f7xx_hal.o(i.HAL_Delay)
    HAL_GPIO_EXTI_Callback                   0x08000a11   Thumb Code    18  main.o(i.HAL_GPIO_EXTI_Callback)
    HAL_GPIO_EXTI_IRQHandler                 0x08000a31   Thumb Code    18  stm32f7xx_hal_gpio.o(i.HAL_GPIO_EXTI_IRQHandler)
    HAL_GPIO_Init                            0x08000a49   Thumb Code   560  stm32f7xx_hal_gpio.o(i.HAL_GPIO_Init)
    HAL_GPIO_ReadPin                         0x08000c8d   Thumb Code    14  stm32f7xx_hal_gpio.o(i.HAL_GPIO_ReadPin)
    HAL_GPIO_WritePin                        0x08000c9b   Thumb Code    14  stm32f7xx_hal_gpio.o(i.HAL_GPIO_WritePin)
    HAL_GetTick                              0x08000ca9   Thumb Code     6  stm32f7xx_hal.o(i.HAL_GetTick)
    HAL_IncTick                              0x08000cb5   Thumb Code    12  stm32f7xx_hal.o(i.HAL_IncTick)
    HAL_Init                                 0x08000cc5   Thumb Code    40  stm32f7xx_hal.o(i.HAL_Init)
    HAL_InitTick                             0x08000cf1   Thumb Code    58  stm32f7xx_hal.o(i.HAL_InitTick)
    HAL_LTDC_ConfigLayer                     0x08000d35   Thumb Code   124  stm32f7xx_hal_ltdc.o(i.HAL_LTDC_ConfigLayer)
    HAL_LTDC_Init                            0x08000db1   Thumb Code   254  stm32f7xx_hal_ltdc.o(i.HAL_LTDC_Init)
    HAL_LTDC_MspInit                         0x08000eb5   Thumb Code   248  ltdc.o(i.HAL_LTDC_MspInit)
    HAL_MspInit                              0x08000fd1   Thumb Code    22  stm32f7xx_hal_msp.o(i.HAL_MspInit)
    HAL_NVIC_EnableIRQ                       0x08000fe7   Thumb Code    28  stm32f7xx_hal_cortex.o(i.HAL_NVIC_EnableIRQ)
    HAL_NVIC_SetPriority                     0x08001005   Thumb Code   104  stm32f7xx_hal_cortex.o(i.HAL_NVIC_SetPriority)
    HAL_NVIC_SetPriorityGrouping             0x08001071   Thumb Code    30  stm32f7xx_hal_cortex.o(i.HAL_NVIC_SetPriorityGrouping)
    HAL_PWREx_EnableOverDrive                0x08001095   Thumb Code   118  stm32f7xx_hal_pwr_ex.o(i.HAL_PWREx_EnableOverDrive)
    HAL_RCCEx_PeriphCLKConfig                0x08001115   Thumb Code  1410  stm32f7xx_hal_rcc_ex.o(i.HAL_RCCEx_PeriphCLKConfig)
    HAL_RCC_ClockConfig                      0x0800169d   Thumb Code   366  stm32f7xx_hal_rcc.o(i.HAL_RCC_ClockConfig)
    HAL_RCC_GetHCLKFreq                      0x08001825   Thumb Code     6  stm32f7xx_hal_rcc.o(i.HAL_RCC_GetHCLKFreq)
    HAL_RCC_GetPCLK1Freq                     0x08001831   Thumb Code    26  stm32f7xx_hal_rcc.o(i.HAL_RCC_GetPCLK1Freq)
    HAL_RCC_GetPCLK2Freq                     0x08001855   Thumb Code    26  stm32f7xx_hal_rcc.o(i.HAL_RCC_GetPCLK2Freq)
    HAL_RCC_GetSysClockFreq                  0x08001879   Thumb Code    94  stm32f7xx_hal_rcc.o(i.HAL_RCC_GetSysClockFreq)
    HAL_RCC_OscConfig                        0x080018e9   Thumb Code  1188  stm32f7xx_hal_rcc.o(i.HAL_RCC_OscConfig)
    HAL_SDRAM_Init                           0x08001da1   Thumb Code    68  stm32f7xx_hal_sdram.o(i.HAL_SDRAM_Init)
    HAL_SDRAM_MspInit                        0x08001de5   Thumb Code     4  fmc.o(i.HAL_SDRAM_MspInit)
    HAL_SDRAM_ProgramRefreshRate             0x08001de9   Thumb Code    38  stm32f7xx_hal_sdram.o(i.HAL_SDRAM_ProgramRefreshRate)
    HAL_SDRAM_SendCommand                    0x08001e0f   Thumb Code    56  stm32f7xx_hal_sdram.o(i.HAL_SDRAM_SendCommand)
    HAL_SYSTICK_CLKSourceConfig              0x08001e47   Thumb Code    28  stm32f7xx_hal_cortex.o(i.HAL_SYSTICK_CLKSourceConfig)
    HAL_SYSTICK_Callback                     0x08001e63   Thumb Code     2  stm32f7xx_hal_cortex.o(i.HAL_SYSTICK_Callback)
    HAL_SYSTICK_Config                       0x08001e65   Thumb Code    36  stm32f7xx_hal_cortex.o(i.HAL_SYSTICK_Config)
    HAL_SYSTICK_IRQHandler                   0x08001e8d   Thumb Code     8  stm32f7xx_hal_cortex.o(i.HAL_SYSTICK_IRQHandler)
    HAL_UART_Init                            0x08001e95   Thumb Code   108  stm32f7xx_hal_uart.o(i.HAL_UART_Init)
    HAL_UART_MspInit                         0x08001f01   Thumb Code    72  usart.o(i.HAL_UART_MspInit)
    HAL_UART_Transmit                        0x08001f51   Thumb Code   208  stm32f7xx_hal_uart.o(i.HAL_UART_Transmit)
    MX_DMA2D_Init                            0x080021e5   Thumb Code    42  dma2d.o(i.MX_DMA2D_Init)
    MX_FMC_Init                              0x08002219   Thumb Code    84  fmc.o(i.MX_FMC_Init)
    MX_GPIO_Init                             0x08002275   Thumb Code   230  gpio.o(i.MX_GPIO_Init)
    MX_LTDC_Init                             0x0800236d   Thumb Code   210  ltdc.o(i.MX_LTDC_Init)
    MX_USART1_UART_Init                      0x0800244d   Thumb Code    36  usart.o(i.MX_USART1_UART_Init)
    SysTick_Handler                          0x08002479   Thumb Code    14  stm32f7xx_it.o(i.SysTick_Handler)
    SystemInit                               0x08002489   Thumb Code    12  system_stm32f7xx.o(i.SystemInit)
    UART_AdvFeatureConfig                    0x08002499   Thumb Code   216  stm32f7xx_hal_uart.o(i.UART_AdvFeatureConfig)
    UART_CheckIdleState                      0x08002571   Thumb Code    66  stm32f7xx_hal_uart.o(i.UART_CheckIdleState)
    UART_SetConfig                           0x080025b5   Thumb Code   698  stm32f7xx_hal_uart.o(i.UART_SetConfig)
    UART_WaitOnFlagUntilTimeout              0x0800287d   Thumb Code   194  stm32f7xx_hal_uart.o(i.UART_WaitOnFlagUntilTimeout)
    I2C_ReadReg(unsigned char, unsigned short, unsigned char*, unsigned char) 0x0800293f   Thumb Code   108  ts_i2c.o(i._Z11I2C_ReadReghtPhh)
    MX_DMA_Init()                            0x080029ad   Thumb Code    74  dma.o(i._Z11MX_DMA_Initv)
    I2C_Wait_Ack()                           0x08002a05   Thumb Code    88  ts_i2c.o(i._Z12I2C_Wait_Ackv)
    I2C_WriteReg(unsigned char, unsigned short, unsigned char*, unsigned char) 0x08002a61   Thumb Code    94  ts_i2c.o(i._Z12I2C_WriteReghtPhh)
    I2C_Read_Byte(unsigned char)             0x08002ac1   Thumb Code   104  ts_i2c.o(i._Z13I2C_Read_Byteh)
    I2C_Send_Byte(unsigned char)             0x08002b2d   Thumb Code   142  ts_i2c.o(i._Z13I2C_Send_Byteh)
    SystemClock_Config()                     0x08002c79   Thumb Code   174  main.o(i._Z18SystemClock_Configv)
    I2C_Ack()                                0x08002d5d   Thumb Code    72  ts_i2c.o(i._Z7I2C_Ackv)
    I2C_Init()                               0x08002dcd   Thumb Code   116  ts_i2c.o(i._Z8I2C_Initv)
    I2C_NAck()                               0x08002e49   Thumb Code    58  ts_i2c.o(i._Z8I2C_NAckv)
    I2C_Stop()                               0x08002e89   Thumb Code    58  ts_i2c.o(i._Z8I2C_Stopv)
    I2C_Start()                              0x08002edd   Thumb Code    76  ts_i2c.o(i._Z9I2C_Startv)
    LCD::DrawCircle(unsigned short, unsigned short, unsigned short) 0x08002f2d   Thumb Code   286  stm32746g_lcd.o(i._ZN3LCD10DrawCircleEttt)
    LCD::FillCircle(unsigned short, unsigned short, unsigned short) 0x08003055   Thumb Code   174  stm32746g_lcd.o(i._ZN3LCD10FillCircleEttt)
    LCD::DisplayChar(unsigned short, unsigned short, unsigned char) 0x0800310d   Thumb Code    96  stm32746g_lcd.o(i._ZN3LCD11DisplayCharEtth)
    LCD::SelectLayer(unsigned)               0x08003175   Thumb Code     6  stm32746g_lcd.o(i._ZN3LCD11SelectLayerEj)
    LCD::GetBackColor()                      0x08003181   Thumb Code    18  stm32746g_lcd.o(i._ZN3LCD12GetBackColorEv)
    LCD::SetBackColor(unsigned)              0x0800319d   Thumb Code    18  stm32746g_lcd.o(i._ZN3LCD12SetBackColorEj)
    LCD::SetTextColor(unsigned)              0x080031b9   Thumb Code    16  stm32746g_lcd.o(i._ZN3LCD12SetTextColorEj)
    LCD::DisplayStringAt(unsigned short, unsigned short, unsigned char*, Text_AlignModeTypdef) 0x08003275   Thumb Code   286  stm32746g_lcd.o(i._ZN3LCD15DisplayStringAtEttPh20Text_AlignModeTypdef)
    LCD::SetLayerVisible(unsigned, FunctionalState) 0x0800339d   Thumb Code    74  stm32746g_lcd.o(i._ZN3LCD15SetLayerVisibleEj15FunctionalState)
    LCD::Init()                              0x080033ed   Thumb Code    16  stm32746g_lcd.o(i._ZN3LCD4InitEv)
    LCD::Clear(unsigned)                     0x08003401   Thumb Code    56  stm32746g_lcd.o(i._ZN3LCD5ClearEj)
    LCD::SetFont(_tFont*)                    0x08003441   Thumb Code    18  stm32746g_lcd.o(i._ZN3LCD7SetFontEP6_tFont)
    LCD::GetXSize()                          0x08003561   Thumb Code    22  stm32746g_lcd.o(i._ZN3LCD8GetXSizeEv)
    LCD::GetYSize()                          0x08003581   Thumb Code    22  stm32746g_lcd.o(i._ZN3LCD8GetYSizeEv)
    LCD::DrawHLine(unsigned short, unsigned short, unsigned short) 0x080035a1   Thumb Code   144  stm32746g_lcd.o(i._ZN3LCD9DrawHLineEttt)
    LCD::DrawPixel(unsigned short, unsigned short, unsigned) 0x0800363d   Thumb Code    98  stm32746g_lcd.o(i._ZN3LCD9DrawPixelEttj)
    LCD::DrawVLine(unsigned short, unsigned short, unsigned short) 0x080036a9   Thumb Code   150  stm32746g_lcd.o(i._ZN3LCD9DrawVLineEttt)
    GT811::Init()                            0x0800374d   Thumb Code   110  gt811.o(i._ZN5GT8114InitEv)
    GT811::ReadID()                          0x080037c5   Thumb Code    50  gt811.o(i._ZN5GT8116ReadIDEv)
    GT811::GetState(TS_StateTypeDef*)        0x08003805   Thumb Code   238  gt811.o(i._ZN5GT8118GetStateEP15TS_StateTypeDef)
    __0printf$5                              0x080038f5   Thumb Code    22  printf5.o(i.__0printf$5)
    __1printf$5                              0x080038f5   Thumb Code     0  printf5.o(i.__0printf$5)
    __2printf                                0x080038f5   Thumb Code     0  printf5.o(i.__0printf$5)
    __scatterload_copy                       0x08003915   Thumb Code    14  handlers.o(i.__scatterload_copy)
    __scatterload_null                       0x08003923   Thumb Code     2  handlers.o(i.__scatterload_null)
    __scatterload_zeroinit                   0x08003925   Thumb Code    14  handlers.o(i.__scatterload_zeroinit)
    fputc                                    0x08003bf5   Thumb Code    22  usart.o(i.fputc)
    main                                     0x08003c11   Thumb Code   436  main.o(i.main)
    AHBPrescTable                            0x08003df4   Data          16  system_stm32f7xx.o(.constdata)
    APBPrescTable                            0x08003e04   Data           8  system_stm32f7xx.o(.constdata)
    Region$$Table$$Base                      0x08007b5c   Number         0  anon$$obj.o(Region$$Table)
    Region$$Table$$Limit                     0x08007b7c   Number         0  anon$$obj.o(Region$$Table)
    SystemCoreClock                          0x20000000   Data           4  system_stm32f7xx.o(.data)
    uwTickFreq                               0x20000004   Data           1  stm32f7xx_hal.o(.data)
    uwTickPrio                               0x20000008   Data           4  stm32f7xx_hal.o(.data)
    uwTick                                   0x2000000c   Data           4  stm32f7xx_hal.o(.data)
    TS_flag                                  0x20000010   Data           1  main.o(.data)
    TouchPoit                                0x20000011   Data           1  main.o(.data)
    i                                        0x20000012   Data           2  main.o(.data)
    PointColor                               0x20000014   Data          20  main.o(.data)
    Font24                                   0x20000030   Data           8  stm32746g_lcd.o(.data)
    Font20                                   0x20000038   Data           8  stm32746g_lcd.o(.data)
    Font16                                   0x20000040   Data           8  stm32746g_lcd.o(.data)
    Font12                                   0x20000048   Data           8  stm32746g_lcd.o(.data)
    Font8                                    0x20000050   Data           8  stm32746g_lcd.o(.data)
    __stdout                                 0x20000060   Data           4  stdout.o(.data)
    TS_State                                 0x20000064   Data          32  main.o(.bss)
    TS_BKState                               0x20000084   Data          32  main.o(.bss)
    hdma_memtomem_dma2_stream0               0x200000a4   Data          96  dma.o(.bss)
    hdma2d                                   0x20000104   Data          64  dma2d.o(.bss)
    hsdram1                                  0x20000144   Data          52  fmc.o(.bss)
    hltdc                                    0x20000178   Data         168  ltdc.o(.bss)
    huart1                                   0x20000220   Data         132  usart.o(.bss)
    __initial_sp                             0x20000848   Data           0  startup_stm32f746xx.o(STACK)



==============================================================================

Memory Map of the image

  Image Entry point : 0x080001c9

  Load Region LR_IROM1 (Base: 0x08000000, Size: 0x00007be0, Max: 0x00100000, ABSOLUTE)

    Execution Region ER_IROM1 (Exec base: 0x08000000, Load base: 0x08000000, Size: 0x00007b7c, Max: 0x00100000, ABSOLUTE)

    Exec Addr    Load Addr    Size         Type   Attr      Idx    E Section Name        Object

    0x08000000   0x08000000   0x000001c8   Data   RO            3    RESET               startup_stm32f746xx.o
    0x080001c8   0x080001c8   0x00000000   Code   RO         4201  * .ARM.Collect$$$$00000000  mc_w.l(entry.o)
    0x080001c8   0x080001c8   0x00000004   Code   RO         4471    .ARM.Collect$$$$00000001  mc_w.l(entry2.o)
    0x080001cc   0x080001cc   0x00000004   Code   RO         4474    .ARM.Collect$$$$00000004  mc_w.l(entry5.o)
    0x080001d0   0x080001d0   0x00000000   Code   RO         4476    .ARM.Collect$$$$00000008  mc_w.l(entry7b.o)
    0x080001d0   0x080001d0   0x00000000   Code   RO         4478    .ARM.Collect$$$$0000000A  mc_w.l(entry8b.o)
    0x080001d0   0x080001d0   0x00000008   Code   RO         4479    .ARM.Collect$$$$0000000B  mc_w.l(entry9a.o)
    0x080001d8   0x080001d8   0x00000004   Code   RO         4486    .ARM.Collect$$$$0000000E  mc_w.l(entry12b.o)
    0x080001dc   0x080001dc   0x00000000   Code   RO         4481    .ARM.Collect$$$$0000000F  mc_w.l(entry10a.o)
    0x080001dc   0x080001dc   0x00000000   Code   RO         4483    .ARM.Collect$$$$00000011  mc_w.l(entry11a.o)
    0x080001dc   0x080001dc   0x00000004   Code   RO         4472    .ARM.Collect$$$$00002712  mc_w.l(entry2.o)
    0x080001e0   0x080001e0   0x00000024   Code   RO            4    .text               startup_stm32f746xx.o
    0x08000204   0x08000204   0x00000062   Code   RO         4204    .text               mc_w.l(uldiv.o)
    0x08000266   0x08000266   0x00000024   Code   RO         4206    .text               mc_w.l(memcpya.o)
    0x0800028a   0x0800028a   0x0000001e   Code   RO         4490    .text               mc_w.l(llshl.o)
    0x080002a8   0x080002a8   0x00000020   Code   RO         4492    .text               mc_w.l(llushr.o)
    0x080002c8   0x080002c8   0x00000024   Code   RO         4505    .text               mc_w.l(init.o)
    0x080002ec   0x080002ec   0x00000024   Code   RO         3995    i.BSP_SDRAM_Init    stm32746g_sdram.o
    0x08000310   0x08000310   0x00000094   Code   RO         3996    i.BSP_SDRAM_Initialization_sequence  stm32746g_sdram.o
    0x080003a4   0x080003a4   0x000000b2   Code   RO         2373    i.DMA2D_SetConfig   stm32f7xx_hal_dma2d.o
    0x08000456   0x08000456   0x00000002   PAD
    0x08000458   0x08000458   0x00000034   Code   RO          949    i.DMA_CalcBaseAndBitshift  stm32f7xx_hal_dma.o
    0x0800048c   0x0800048c   0x0000007e   Code   RO          950    i.DMA_CheckFifoParam  stm32f7xx_hal_dma.o
    0x0800050a   0x0800050a   0x00000006   Code   RO         3573    i.EXTI9_5_IRQHandler  stm32f7xx_it.o
    0x08000510   0x08000510   0x00000062   Code   RO         2238    i.FMC_SDRAM_Init    stm32f7xx_ll_fmc.o
    0x08000572   0x08000572   0x0000000c   Code   RO         2239    i.FMC_SDRAM_ProgramRefreshRate  stm32f7xx_ll_fmc.o
    0x0800057e   0x0800057e   0x00000022   Code   RO         2240    i.FMC_SDRAM_SendCommand  stm32f7xx_ll_fmc.o
    0x080005a0   0x080005a0   0x00000086   Code   RO         2242    i.FMC_SDRAM_Timing_Init  stm32f7xx_ll_fmc.o
    0x08000626   0x08000626   0x00000002   PAD
    0x08000628   0x08000628   0x000000b4   Code   RO         2387    i.HAL_DMA2D_ConfigLayer  stm32f7xx_hal_dma2d.o
    0x080006dc   0x080006dc   0x0000005c   Code   RO         2395    i.HAL_DMA2D_Init    stm32f7xx_hal_dma2d.o
    0x08000738   0x08000738   0x00000028   Code   RO         3273    i.HAL_DMA2D_MspInit  dma2d.o
    0x08000760   0x08000760   0x00000162   Code   RO         2399    i.HAL_DMA2D_PollForTransfer  stm32f7xx_hal_dma2d.o
    0x080008c2   0x080008c2   0x0000003a   Code   RO         2402    i.HAL_DMA2D_Start   stm32f7xx_hal_dma2d.o
    0x080008fc   0x080008fc   0x000000ec   Code   RO          958    i.HAL_DMA_Init      stm32f7xx_hal_dma.o
    0x080009e8   0x080009e8   0x00000028   Code   RO          163    i.HAL_Delay         stm32f7xx_hal.o
    0x08000a10   0x08000a10   0x00000020   Code   RO         2979    i.HAL_GPIO_EXTI_Callback  main.o
    0x08000a30   0x08000a30   0x00000018   Code   RO          783    i.HAL_GPIO_EXTI_IRQHandler  stm32f7xx_hal_gpio.o
    0x08000a48   0x08000a48   0x00000244   Code   RO          784    i.HAL_GPIO_Init     stm32f7xx_hal_gpio.o
    0x08000c8c   0x08000c8c   0x0000000e   Code   RO          786    i.HAL_GPIO_ReadPin  stm32f7xx_hal_gpio.o
    0x08000c9a   0x08000c9a   0x0000000e   Code   RO          788    i.HAL_GPIO_WritePin  stm32f7xx_hal_gpio.o
    0x08000ca8   0x08000ca8   0x0000000c   Code   RO          171    i.HAL_GetTick       stm32f7xx_hal.o
    0x08000cb4   0x08000cb4   0x00000010   Code   RO          177    i.HAL_IncTick       stm32f7xx_hal.o
    0x08000cc4   0x08000cc4   0x0000002c   Code   RO          178    i.HAL_Init          stm32f7xx_hal.o
    0x08000cf0   0x08000cf0   0x00000044   Code   RO          179    i.HAL_InitTick      stm32f7xx_hal.o
    0x08000d34   0x08000d34   0x0000007c   Code   RO         1285    i.HAL_LTDC_ConfigLayer  stm32f7xx_hal_ltdc.o
    0x08000db0   0x08000db0   0x00000104   Code   RO         1302    i.HAL_LTDC_Init     stm32f7xx_hal_ltdc.o
    0x08000eb4   0x08000eb4   0x0000011c   Code   RO         3450    i.HAL_LTDC_MspInit  ltdc.o
    0x08000fd0   0x08000fd0   0x00000016   Code   RO         3494    i.HAL_MspInit       stm32f7xx_hal_msp.o
    0x08000fe6   0x08000fe6   0x0000001c   Code   RO          363    i.HAL_NVIC_EnableIRQ  stm32f7xx_hal_cortex.o
    0x08001002   0x08001002   0x00000002   PAD
    0x08001004   0x08001004   0x0000006c   Code   RO          369    i.HAL_NVIC_SetPriority  stm32f7xx_hal_cortex.o
    0x08001070   0x08001070   0x00000024   Code   RO          370    i.HAL_NVIC_SetPriorityGrouping  stm32f7xx_hal_cortex.o
    0x08001094   0x08001094   0x00000080   Code   RO          498    i.HAL_PWREx_EnableOverDrive  stm32f7xx_hal_pwr_ex.o
    0x08001114   0x08001114   0x00000588   Code   RO         1545    i.HAL_RCCEx_PeriphCLKConfig  stm32f7xx_hal_rcc_ex.o
    0x0800169c   0x0800169c   0x00000188   Code   RO          848    i.HAL_RCC_ClockConfig  stm32f7xx_hal_rcc.o
    0x08001824   0x08001824   0x0000000c   Code   RO          853    i.HAL_RCC_GetHCLKFreq  stm32f7xx_hal_rcc.o
    0x08001830   0x08001830   0x00000024   Code   RO          855    i.HAL_RCC_GetPCLK1Freq  stm32f7xx_hal_rcc.o
    0x08001854   0x08001854   0x00000024   Code   RO          856    i.HAL_RCC_GetPCLK2Freq  stm32f7xx_hal_rcc.o
    0x08001878   0x08001878   0x00000070   Code   RO          857    i.HAL_RCC_GetSysClockFreq  stm32f7xx_hal_rcc.o
    0x080018e8   0x080018e8   0x000004b8   Code   RO          860    i.HAL_RCC_OscConfig  stm32f7xx_hal_rcc.o
    0x08001da0   0x08001da0   0x00000044   Code   RO          631    i.HAL_SDRAM_Init    stm32f7xx_hal_sdram.o
    0x08001de4   0x08001de4   0x00000004   Code   RO         3318    i.HAL_SDRAM_MspInit  fmc.o
    0x08001de8   0x08001de8   0x00000026   Code   RO          634    i.HAL_SDRAM_ProgramRefreshRate  stm32f7xx_hal_sdram.o
    0x08001e0e   0x08001e0e   0x00000038   Code   RO          640    i.HAL_SDRAM_SendCommand  stm32f7xx_hal_sdram.o
    0x08001e46   0x08001e46   0x0000001c   Code   RO          372    i.HAL_SYSTICK_CLKSourceConfig  stm32f7xx_hal_cortex.o
    0x08001e62   0x08001e62   0x00000002   Code   RO          373    i.HAL_SYSTICK_Callback  stm32f7xx_hal_cortex.o
    0x08001e64   0x08001e64   0x00000028   Code   RO          374    i.HAL_SYSTICK_Config  stm32f7xx_hal_cortex.o
    0x08001e8c   0x08001e8c   0x00000008   Code   RO          375    i.HAL_SYSTICK_IRQHandler  stm32f7xx_hal_cortex.o
    0x08001e94   0x08001e94   0x0000006c   Code   RO         2611    i.HAL_UART_Init     stm32f7xx_hal_uart.o
    0x08001f00   0x08001f00   0x00000050   Code   RO         3520    i.HAL_UART_MspInit  usart.o
    0x08001f50   0x08001f50   0x000000d0   Code   RO         2620    i.HAL_UART_Transmit  stm32f7xx_hal_uart.o
    0x08002020   0x08002020   0x000001c4   Code   RO         1321    i.LTDC_SetConfig    stm32f7xx_hal_ltdc.o
    0x080021e4   0x080021e4   0x00000034   Code   RO         3274    i.MX_DMA2D_Init     dma2d.o
    0x08002218   0x08002218   0x0000005c   Code   RO         3319    i.MX_FMC_Init       fmc.o
    0x08002274   0x08002274   0x000000f8   Code   RO         3375    i.MX_GPIO_Init      gpio.o
    0x0800236c   0x0800236c   0x000000e0   Code   RO         3451    i.MX_LTDC_Init      ltdc.o
    0x0800244c   0x0800244c   0x0000002c   Code   RO         3521    i.MX_USART1_UART_Init  usart.o
    0x08002478   0x08002478   0x0000000e   Code   RO         3574    i.SysTick_Handler   stm32f7xx_it.o
    0x08002486   0x08002486   0x00000002   PAD
    0x08002488   0x08002488   0x00000010   Code   RO           14    i.SystemInit        system_stm32f7xx.o
    0x08002498   0x08002498   0x000000d8   Code   RO         2625    i.UART_AdvFeatureConfig  stm32f7xx_hal_uart.o
    0x08002570   0x08002570   0x00000042   Code   RO         2626    i.UART_CheckIdleState  stm32f7xx_hal_uart.o
    0x080025b2   0x080025b2   0x00000002   PAD
    0x080025b4   0x080025b4   0x000002c8   Code   RO         2642    i.UART_SetConfig    stm32f7xx_hal_uart.o
    0x0800287c   0x0800287c   0x000000c2   Code   RO         2647    i.UART_WaitOnFlagUntilTimeout  stm32f7xx_hal_uart.o
    0x0800293e   0x0800293e   0x0000006c   Code   RO         4091    i._Z11I2C_ReadReghtPhh  ts_i2c.o
    0x080029aa   0x080029aa   0x00000002   PAD
    0x080029ac   0x080029ac   0x00000058   Code   RO         3175    i._Z11MX_DMA_Initv  dma.o
    0x08002a04   0x08002a04   0x0000005c   Code   RO         4092    i._Z12I2C_Wait_Ackv  ts_i2c.o
    0x08002a60   0x08002a60   0x0000005e   Code   RO         4093    i._Z12I2C_WriteReghtPhh  ts_i2c.o
    0x08002abe   0x08002abe   0x00000002   PAD
    0x08002ac0   0x08002ac0   0x0000006c   Code   RO         4094    i._Z13I2C_Read_Byteh  ts_i2c.o
    0x08002b2c   0x08002b2c   0x00000094   Code   RO         4095    i._Z13I2C_Send_Byteh  ts_i2c.o
    0x08002bc0   0x08002bc0   0x000000b8   Code   RO         3320    i._Z15HAL_FMC_MspInitv  fmc.o
    0x08002c78   0x08002c78   0x000000bc   Code   RO         2980    i._Z18SystemClock_Configv  main.o
    0x08002d34   0x08002d34   0x00000028   Code   RO         4096    i._Z6SDA_INv        ts_i2c.o
    0x08002d5c   0x08002d5c   0x0000004c   Code   RO         4097    i._Z7I2C_Ackv       ts_i2c.o
    0x08002da8   0x08002da8   0x00000024   Code   RO         4098    i._Z7SDA_OUTv       ts_i2c.o
    0x08002dcc   0x08002dcc   0x0000007c   Code   RO         4099    i._Z8I2C_Initv      ts_i2c.o
    0x08002e48   0x08002e48   0x00000040   Code   RO         4100    i._Z8I2C_NAckv      ts_i2c.o
    0x08002e88   0x08002e88   0x00000040   Code   RO         4102    i._Z8I2C_Stopv      ts_i2c.o
    0x08002ec8   0x08002ec8   0x00000012   Code   RO         4103    i._Z8delay_usj      ts_i2c.o
    0x08002eda   0x08002eda   0x00000002   PAD
    0x08002edc   0x08002edc   0x00000050   Code   RO         4104    i._Z9I2C_Startv     ts_i2c.o
    0x08002f2c   0x08002f2c   0x00000128   Code   RO         3656    i._ZN3LCD10DrawCircleEttt  stm32746g_lcd.o
    0x08003054   0x08003054   0x000000b8   Code   RO         3657    i._ZN3LCD10FillCircleEttt  stm32746g_lcd.o
    0x0800310c   0x0800310c   0x00000068   Code   RO         3659    i._ZN3LCD11DisplayCharEtth  stm32746g_lcd.o
    0x08003174   0x08003174   0x0000000c   Code   RO         3664    i._ZN3LCD11SelectLayerEj  stm32746g_lcd.o
    0x08003180   0x08003180   0x0000001c   Code   RO         3666    i._ZN3LCD12GetBackColorEv  stm32746g_lcd.o
    0x0800319c   0x0800319c   0x0000001c   Code   RO         3668    i._ZN3LCD12SetBackColorEj  stm32746g_lcd.o
    0x080031b8   0x080031b8   0x00000018   Code   RO         3669    i._ZN3LCD12SetTextColorEj  stm32746g_lcd.o
    0x080031d0   0x080031d0   0x000000a4   Code   RO         3670    i._ZN3LCD13LL_FillBufferEjPvjjjj  stm32746g_lcd.o
    0x08003274   0x08003274   0x00000128   Code   RO         3674    i._ZN3LCD15DisplayStringAtEttPh20Text_AlignModeTypdef  stm32746g_lcd.o
    0x0800339c   0x0800339c   0x00000050   Code   RO         3677    i._ZN3LCD15SetLayerVisibleEj15FunctionalState  stm32746g_lcd.o
    0x080033ec   0x080033ec   0x00000014   Code   RO         3683    i._ZN3LCD4InitEv    stm32746g_lcd.o
    0x08003400   0x08003400   0x00000040   Code   RO         3684    i._ZN3LCD5ClearEj   stm32746g_lcd.o
    0x08003440   0x08003440   0x0000001c   Code   RO         3688    i._ZN3LCD7SetFontEP6_tFont  stm32746g_lcd.o
    0x0800345c   0x0800345c   0x00000104   Code   RO         3689    i._ZN3LCD8DrawCharEttPKh  stm32746g_lcd.o
    0x08003560   0x08003560   0x00000020   Code   RO         3693    i._ZN3LCD8GetXSizeEv  stm32746g_lcd.o
    0x08003580   0x08003580   0x00000020   Code   RO         3694    i._ZN3LCD8GetYSizeEv  stm32746g_lcd.o
    0x080035a0   0x080035a0   0x0000009c   Code   RO         3698    i._ZN3LCD9DrawHLineEttt  stm32746g_lcd.o
    0x0800363c   0x0800363c   0x0000006c   Code   RO         3699    i._ZN3LCD9DrawPixelEttj  stm32746g_lcd.o
    0x080036a8   0x080036a8   0x000000a4   Code   RO         3700    i._ZN3LCD9DrawVLineEttt  stm32746g_lcd.o
    0x0800374c   0x0800374c   0x00000078   Code   RO         3606    i._ZN5GT8114InitEv  gt811.o
    0x080037c4   0x080037c4   0x00000040   Code   RO         3607    i._ZN5GT8116ReadIDEv  gt811.o
    0x08003804   0x08003804   0x000000ee   Code   RO         3608    i._ZN5GT8118GetStateEP15TS_StateTypeDef  gt811.o
    0x080038f2   0x080038f2   0x00000002   PAD
    0x080038f4   0x080038f4   0x00000020   Code   RO         4343    i.__0printf$5       mc_w.l(printf5.o)
    0x08003914   0x08003914   0x0000000e   Code   RO         4513    i.__scatterload_copy  mc_w.l(handlers.o)
    0x08003922   0x08003922   0x00000002   Code   RO         4514    i.__scatterload_null  mc_w.l(handlers.o)
    0x08003924   0x08003924   0x0000000e   Code   RO         4515    i.__scatterload_zeroinit  mc_w.l(handlers.o)
    0x08003932   0x08003932   0x00000002   PAD
    0x08003934   0x08003934   0x000002c0   Code   RO         4350    i._printf_core      mc_w.l(printf5.o)
    0x08003bf4   0x08003bf4   0x0000001c   Code   RO         3522    i.fputc             usart.o
    0x08003c10   0x08003c10   0x000001e4   Code   RO         2981    i.main              main.o
    0x08003df4   0x08003df4   0x00000010   Data   RO           15    .constdata          system_stm32f7xx.o
    0x08003e04   0x08003e04   0x00000008   Data   RO           16    .constdata          system_stm32f7xx.o
    0x08003e0c   0x08003e0c   0x00000008   Data   RO          964    .constdata          stm32f7xx_hal_dma.o
    0x08003e14   0x08003e14   0x0000006a   Data   RO         3612    .constdata          gt811.o
    0x08003e7e   0x08003e7e   0x00003cdc   Data   RO         3753    .constdata          stm32746g_lcd.o
    0x08007b5a   0x08007b5a   0x00000002   PAD
    0x08007b5c   0x08007b5c   0x00000020   Data   RO         4511    Region$$Table       anon$$obj.o


    Execution Region RW_IRAM1 (Exec base: 0x20000000, Load base: 0x08007b7c, Size: 0x00000848, Max: 0x00050000, ABSOLUTE)

    Exec Addr    Load Addr    Size         Type   Attr      Idx    E Section Name        Object

    0x20000000   0x08007b7c   0x00000004   Data   RW           17    .data               system_stm32f7xx.o
    0x20000004   0x08007b80   0x0000000c   Data   RW          185    .data               stm32f7xx_hal.o
    0x20000010   0x08007b8c   0x00000018   Data   RW         2987    .data               main.o
    0x20000028   0x08007ba4   0x00000008   Data   RW         3328    .data               fmc.o
    0x20000030   0x08007bac   0x0000002c   Data   RW         3754    .data               stm32746g_lcd.o
    0x2000005c   0x08007bd8   0x00000002   Data   RW         4016    .data               stm32746g_sdram.o
    0x2000005e   0x08007bda   0x00000002   PAD
    0x20000060   0x08007bdc   0x00000004   Data   RW         4487    .data               mc_w.l(stdout.o)
    0x20000064        -       0x00000040   Zero   RW         2985    .bss                main.o
    0x200000a4        -       0x00000060   Zero   RW         3177    .bss                dma.o
    0x20000104        -       0x00000040   Zero   RW         3278    .bss                dma2d.o
    0x20000144        -       0x00000034   Zero   RW         3327    .bss                fmc.o
    0x20000178        -       0x000000a8   Zero   RW         3455    .bss                ltdc.o
    0x20000220        -       0x00000084   Zero   RW         3527    .bss                usart.o
    0x200002a4        -       0x0000009c   Zero   RW         3752    .bss                stm32746g_lcd.o
    0x20000340        -       0x00000104   Zero   RW         4015    .bss                stm32746g_sdram.o
    0x20000444   0x08007be0   0x00000004   PAD
    0x20000448        -       0x00000400   Zero   RW            1    STACK               startup_stm32f746xx.o


==============================================================================

Image component sizes


      Code (inc. data)   RO Data    RW Data    ZI Data      Debug   Object Name

        88         14          0          0         96     704431   dma.o
        92         14          0          0         64       1513   dma2d.o
       280         38          0          8         52       2168   fmc.o
       248         18          0          0          0       1139   gpio.o
       422         24        106          0          0       2891   gt811.o
       508         50          0          0        168       1886   ltdc.o
       704         76          0         24         64     766032   main.o
        36          8        456          0       1024        988   startup_stm32f746xx.o
      2080        182      15580         44        156      16759   stm32746g_lcd.o
       184         22          0          2        260       3850   stm32746g_sdram.o
       180         30          0         12          0       9301   stm32f7xx_hal.o
       250         14          0          0          0      40705   stm32f7xx_hal_cortex.o
       414         14          8          0          0       3247   stm32f7xx_hal_dma.o
       862          4          0          0          0       5927   stm32f7xx_hal_dma2d.o
       632         26          0          0          0       4166   stm32f7xx_hal_gpio.o
       836          6          0          0          0       3275   stm32f7xx_hal_ltdc.o
        22          0          0          0          0        494   stm32f7xx_hal_msp.o
       128         10          0          0          0       1384   stm32f7xx_hal_pwr_ex.o
      1796         90          0          0          0       6716   stm32f7xx_hal_rcc.o
      1416         40          0          0          0       2612   stm32f7xx_hal_rcc_ex.o
       162          0          0          0          0       2944   stm32f7xx_hal_sdram.o
      1504         34          0          0          0       6617   stm32f7xx_hal_uart.o
        20          0          0          0          0        935   stm32f7xx_it.o
       278          0          0          0          0       3620   stm32f7xx_ll_fmc.o
        16          4         24          4          0     816979   system_stm32f7xx.o
      1052         52          0          0          0       7951   ts_i2c.o
       152         22          0          0        132       3394   usart.o

    ----------------------------------------------------------------------
     14380        792      16208         96       2020    2421924   Object Totals
         0          0         32          0          0          0   (incl. Generated)
        18          0          2          2          4          0   (incl. Padding)

    ----------------------------------------------------------------------

      Code (inc. data)   RO Data    RW Data    ZI Data      Debug   Library Member Name

         0          0          0          0          0          0   entry.o
         0          0          0          0          0          0   entry10a.o
         0          0          0          0          0          0   entry11a.o
         4          0          0          0          0          0   entry12b.o
         8          4          0          0          0          0   entry2.o
         4          0          0          0          0          0   entry5.o
         0          0          0          0          0          0   entry7b.o
         0          0          0          0          0          0   entry8b.o
         8          4          0          0          0          0   entry9a.o
        30          0          0          0          0          0   handlers.o
        36          8          0          0          0         68   init.o
        30          0          0          0          0         68   llshl.o
        32          0          0          0          0         68   llushr.o
        36          0          0          0          0         68   memcpya.o
       736         54          0          0          0        184   printf5.o
         0          0          0          4          0          0   stdout.o
        98          0          0          0          0         92   uldiv.o

    ----------------------------------------------------------------------
      1024         70          0          4          0        548   Library Totals
         2          0          0          0          0          0   (incl. Padding)

    ----------------------------------------------------------------------

      Code (inc. data)   RO Data    RW Data    ZI Data      Debug   Library Name

      1022         70          0          4          0        548   mc_w.l

    ----------------------------------------------------------------------
      1024         70          0          4          0        548   Library Totals

    ----------------------------------------------------------------------

==============================================================================


      Code (inc. data)   RO Data    RW Data    ZI Data      Debug   

     15404        862      16208        100       2020    2412568   Grand Totals
     15404        862      16208        100       2020    2412568   ELF Image Totals
     15404        862      16208        100          0          0   ROM Totals

==============================================================================

    Total RO  Size (Code + RO Data)                31612 (  30.87kB)
    Total RW  Size (RW Data + ZI Data)              2120 (   2.07kB)
    Total ROM Size (Code + RO Data + RW Data)      31712 (  30.97kB)

==============================================================================

