<html>
<body>
<pre>
<h1>µVision Build Log</h1>
<h2>Tool Versions:</h2>
IDE-Version: µVision V5.36.0.0
Copyright (C) 2021 ARM Ltd and ARM Germany GmbH. All rights reserved.
License Information: Alexandr Shevchenko, MNIPI, LIC=RC93N-YZU5C-IIV5V-PSHXX-3WTZR-5B2X8
 
Tool Versions:
Toolchain:       MDK-ARM Plus  Version: 5.36.0.0
Toolchain Path:  C:\Keil_v5\ARM\ARMCC\Bin
C Compiler:      Armcc.exe V5.06 update 7 (build 960)
Assembler:       Armasm.exe V5.06 update 7 (build 960)
Linker/Locator:  ArmLink.exe V5.06 update 7 (build 960)
Library Manager: ArmAr.exe V5.06 update 7 (build 960)
Hex Converter:   FromElf.exe V5.06 update 7 (build 960)
CPU DLL:         SARMCM3.DLL V5.36.0.0
Dialog DLL:      DCM.DLL V1.17.3.0
Target DLL:      UL2CM3.DLL V1.164.0.0
Dialog DLL:      TCM.DLL V1.53.0.0
 
<h2>Project:</h2>
D:\My\GitHub\_prog\Open746\sources\Test\Test.uvprojx
Project File Date:  04/24/2022

<h2>Output:</h2>
*** Using Compiler 'V5.06 update 7 (build 960)', folder: 'C:\Keil_v5\ARM\ARMCC\Bin'
*** Warning: You are compiling one or more files of source type C++ and have selected 'use MicroLIB'. MicroLIB does not support C++!
  
Build target 'Debug'
compiling system_stm32f7xx.c...
compiling stm32f7xx_hal_pwr_ex.c...
compiling stm32f7xx_hal.c...
compiling stm32f7xx_hal_cortex.c...
compiling stm32f7xx_hal_gpio.c...
compiling stm32f7xx_hal_sdram.c...
compiling stm32f7xx_hal_rcc.c...
compiling stm32f7xx_hal_dma_ex.c...
compiling stm32f7xx_hal_dma.c...
compiling stm32f7xx_hal_flash.c...
compiling stm32f7xx_hal_flash_ex.c...
compiling stm32f7xx_hal_pwr.c...
compiling stm32f7xx_hal_rcc_ex.c...
compiling stm32f7xx_hal_i2c_ex.c...
compiling stm32f7xx_hal_ltdc.c...
compiling stm32f7xx_hal_i2c.c...
compiling stm32f7xx_ll_fmc.c...
compiling dma.cpp...
compiling main.cpp...
compiling dma2d.cpp...
compiling fmc.cpp...
compiling stm32f7xx_hal_dma2d.c...
compiling stm32f7xx_hal_uart.c...
compiling gpio.cpp...
compiling i2c.cpp...
compiling ltdc.cpp...
compiling usart.cpp...
compiling stm32f7xx_hal_msp.cpp...
compiling stm32f7xx_it.c...
compiling GT811.cpp...
compiling stm32746g_sdram.cpp...
compiling TS_I2C.cpp...
compiling stm32746g_lcd.cpp...
compiling image.cpp...
Src\image.cpp(23): warning:  #177-D: variable "image"  was declared but never referenced
  const unsigned short image[] = {
Src\image.cpp: 1 warning, 0 errors
linking...
Program Size: Code=15404 RO-data=16208 RW-data=100 ZI-data=2020  
".\Objects-Debug\STM32F746I Configuration.axf" - 0 Error(s), 1 Warning(s).

<h2>Software Packages used:</h2>

Package Vendor: ARM
                http://www.keil.com/pack/ARM.CMSIS.5.8.0.pack
                ARM.CMSIS.5.8.0
                CMSIS (Common Microcontroller Software Interface Standard)
   * Component: CORE Version: 5.5.0

Package Vendor: Keil
                http://www.keil.com/pack/Keil.STM32F7xx_DFP.2.14.1.pack
                Keil.STM32F7xx_DFP.2.14.1
                STMicroelectronics STM32F7 Series Device Support, Drivers and Examples

<h2>Collection of Component include folders:</h2>
  .\RTE\_Debug
  C:\Users\Sasha7b9\AppData\Local\Arm\Packs\ARM\CMSIS\5.8.0\CMSIS\Core\Include
  C:\Users\Sasha7b9\AppData\Local\Arm\Packs\Keil\STM32F7xx_DFP\2.14.1\Drivers\CMSIS\Device\ST\STM32F7xx\Include

<h2>Collection of Component Files used:</h2>

   * Component: ARM::CMSIS:CORE:5.5.0
Build Time Elapsed:  00:00:04
</pre>
</body>
</html>
